Component: ARM Compiler 5.06 update 6 (build 750) Tool: armlink [4d35ed]

==============================================================================

Section Cross References

    startup_stm32f103xe.o(RESET) refers to startup_stm32f103xe.o(STACK) for __initial_sp
    startup_stm32f103xe.o(RESET) refers to startup_stm32f103xe.o(.text) for Reset_Handler
    startup_stm32f103xe.o(RESET) refers to stm32f1xx_it.o(i.NMI_Handler) for NMI_Handler
    startup_stm32f103xe.o(RESET) refers to stm32f1xx_it.o(i.HardFault_Handler) for HardFault_Handler
    startup_stm32f103xe.o(RESET) refers to stm32f1xx_it.o(i.MemManage_Handler) for MemManage_Handler
    startup_stm32f103xe.o(RESET) refers to stm32f1xx_it.o(i.BusFault_Handler) for BusFault_Handler
    startup_stm32f103xe.o(RESET) refers to stm32f1xx_it.o(i.UsageFault_Handler) for UsageFault_Handler
    startup_stm32f103xe.o(RESET) refers to port.o(.emb_text) for SVC_Handler
    startup_stm32f103xe.o(RESET) refers to stm32f1xx_it.o(i.DebugMon_Handler) for DebugMon_Handler
    startup_stm32f103xe.o(RESET) refers to port.o(i.SysTick_Handler) for SysTick_Handler
    startup_stm32f103xe.o(RESET) refers to driver_usart.o(i.USART1_IRQHandler) for USART1_IRQHandler
    startup_stm32f103xe.o(RESET) refers to stm32_uart3.o(i.USART3_IRQHandler) for USART3_IRQHandler
    startup_stm32f103xe.o(RESET) refers to driver_key.o(i.EXTI15_10_IRQHandler) for EXTI15_10_IRQHandler
    startup_stm32f103xe.o(RESET) refers to stm32f1xx_it.o(i.TIM8_UP_IRQHandler) for TIM8_UP_IRQHandler
    startup_stm32f103xe.o(.text) refers to system_stm32f1xx.o(i.SystemInit) for SystemInit
    startup_stm32f103xe.o(.text) refers to entry.o(.ARM.Collect$$$$00000000) for __main
    main.o(i.HAL_TIM_PeriodElapsedCallback) refers to stm32f1xx_hal.o(i.HAL_IncTick) for HAL_IncTick
    main.o(i.SystemClock_Config) refers to memseta.o(.text) for __aeabi_memclr4
    main.o(i.SystemClock_Config) refers to stm32f1xx_hal_rcc.o(i.HAL_RCC_OscConfig) for HAL_RCC_OscConfig
    main.o(i.SystemClock_Config) refers to main.o(i.Error_Handler) for Error_Handler
    main.o(i.SystemClock_Config) refers to stm32f1xx_hal_rcc.o(i.HAL_RCC_ClockConfig) for HAL_RCC_ClockConfig
    main.o(i.main) refers to stm32f1xx_hal.o(i.HAL_Init) for HAL_Init
    main.o(i.main) refers to main.o(i.SystemClock_Config) for SystemClock_Config
    main.o(i.main) refers to gpio.o(i.MX_GPIO_Init) for MX_GPIO_Init
    main.o(i.main) refers to usart.o(i.MX_USART1_UART_Init) for MX_USART1_UART_Init
    main.o(i.main) refers to usart.o(i.MX_USART3_UART_Init) for MX_USART3_UART_Init
    main.o(i.main) refers to driver_key.o(i.KEY_GPIO_ReInit) for KEY_GPIO_ReInit
    main.o(i.main) refers to stm32_uart3.o(i.UART3_Lock_Init) for UART3_Lock_Init
    main.o(i.main) refers to driver_usart.o(i.EnableDebugIRQ) for EnableDebugIRQ
    main.o(i.main) refers to driver_usart.o(i.EnableUART3IRQ) for EnableUART3IRQ
    main.o(i.main) refers to printf8.o(i.__0printf$8) for __2printf
    main.o(i.main) refers to cmsis_os2.o(i.osKernelInitialize) for osKernelInitialize
    main.o(i.main) refers to freertos.o(i.MX_FREERTOS_Init) for MX_FREERTOS_Init
    main.o(i.main) refers to cmsis_os2.o(i.osKernelStart) for osKernelStart
    gpio.o(i.MX_GPIO_Init) refers to stm32f1xx_hal_gpio.o(i.HAL_GPIO_WritePin) for HAL_GPIO_WritePin
    gpio.o(i.MX_GPIO_Init) refers to stm32f1xx_hal_gpio.o(i.HAL_GPIO_Init) for HAL_GPIO_Init
    freertos.o(i.MX_FREERTOS_Init) refers to at_command.o(i.ATInit) for ATInit
    freertos.o(i.MX_FREERTOS_Init) refers to cmsis_os2.o(i.osThreadNew) for osThreadNew
    freertos.o(i.MX_FREERTOS_Init) refers to freertos.o(.constdata) for defaultTask_attributes
    freertos.o(i.MX_FREERTOS_Init) refers to freertos.o(i.StartDefaultTask) for StartDefaultTask
    freertos.o(i.MX_FREERTOS_Init) refers to freertos.o(.data) for defaultTaskHandle
    freertos.o(i.MX_FREERTOS_Init) refers to at_command.o(i.ATRecvParser) for ATRecvParser
    freertos.o(i.MX_FREERTOS_Init) refers to at_command.o(i.MQTT_Client_Task) for MQTT_Client_Task
    freertos.o(i.StartDefaultTask) refers to printf8.o(i.__0printf$8) for __2printf
    freertos.o(i.StartDefaultTask) refers to cmsis_os2.o(i.osDelay) for osDelay
    freertos.o(.constdata) refers to freertos.o(.conststring) for .conststring
    usart.o(i.HAL_UART_MspDeInit) refers to stm32f1xx_hal_gpio.o(i.HAL_GPIO_DeInit) for HAL_GPIO_DeInit
    usart.o(i.HAL_UART_MspDeInit) refers to stm32f1xx_hal_cortex.o(i.HAL_NVIC_DisableIRQ) for HAL_NVIC_DisableIRQ
    usart.o(i.HAL_UART_MspInit) refers to stm32f1xx_hal_gpio.o(i.HAL_GPIO_Init) for HAL_GPIO_Init
    usart.o(i.HAL_UART_MspInit) refers to stm32f1xx_hal_cortex.o(i.HAL_NVIC_SetPriority) for HAL_NVIC_SetPriority
    usart.o(i.HAL_UART_MspInit) refers to stm32f1xx_hal_cortex.o(i.HAL_NVIC_EnableIRQ) for HAL_NVIC_EnableIRQ
    usart.o(i.MX_USART1_UART_Init) refers to stm32f1xx_hal_uart.o(i.HAL_UART_Init) for HAL_UART_Init
[...]
    uart_recv_semphore                       0x200000ac   Data           4  stm32_uart3.o(.data)
    .data                                    0x200000b0   Section        4  rand.o(.data)
    _rand_state                              0x200000b0   Data           4  rand.o(.data)
    .data                                    0x200000b4   Section        4  stdout.o(.data)
    .bss                                     0x200000b8   Section     1032  main.o(.bss)
    .bss                                     0x200004c0   Section      136  usart.o(.bss)
    .bss                                     0x20000548   Section       72  stm32f1xx_hal_timebase_tim.o(.bss)
    .bss                                     0x20000590   Section       64  queue.o(.bss)
    .bss                                     0x200005d0   Section     1220  tasks.o(.bss)
    pxReadyTasksLists                        0x200005d0   Data        1120  tasks.o(.bss)
    xDelayedTaskList1                        0x20000a30   Data          20  tasks.o(.bss)
    xDelayedTaskList2                        0x20000a44   Data          20  tasks.o(.bss)
    xPendingReadyList                        0x20000a58   Data          20  tasks.o(.bss)
    xTasksWaitingTermination                 0x20000a6c   Data          20  tasks.o(.bss)
    xSuspendedTaskList                       0x20000a80   Data          20  tasks.o(.bss)
    .bss                                     0x20000a94   Section      280  timers.o(.bss)
    xActiveTimerList1                        0x20000a94   Data          20  timers.o(.bss)
    xActiveTimerList2                        0x20000aa8   Data          20  timers.o(.bss)
    xStaticTimerQueue                        0x20000abc   Data          80  timers.o(.bss)
    ucStaticTimerQueueStorage                0x20000b0c   Data         160  timers.o(.bss)
    .bss                                     0x20000bac   Section     1720  cmsis_os2.o(.bss)
    Idle_TCB                                 0x20000bac   Data          92  cmsis_os2.o(.bss)
    Idle_Stack                               0x20000c08   Data         512  cmsis_os2.o(.bss)
    Timer_TCB                                0x20000e08   Data          92  cmsis_os2.o(.bss)
    Timer_Stack                              0x20000e64   Data        1024  cmsis_os2.o(.bss)
    .bss                                     0x20001264   Section     8192  heap_4.o(.bss)
    ucHeap                                   0x20001264   Data        8192  heap_4.o(.bss)
    .bss                                     0x20003264   Section     1132  at_command.o(.bss)
    g_packet_buffer                          0x20003264   Data        1032  at_command.o(.bss)
    g_at_resp                                0x2000366c   Data         100  at_command.o(.bss)
    .bss                                     0x200036d0   Section     1032  stm32_uart3.o(.bss)
    uart3_buffer                             0x200036d0   Data        1032  stm32_uart3.o(.bss)
    STACK                                    0x20003ad8   Section     1024  startup_stm32f103xe.o(STACK)

    Global Symbols

    Symbol Name                              Value     Ov Type        Size  Object(Section)

    BuildAttributes$$THM_ISAv4$P$D$K$B$S$PE$A:L22UL41UL21$X:L11$S22US41US21$IEEE1$IW$USESV6$~STKCKD$USESV7$~SHL$OSPACE$ROPI$EBA8$MICROLIB$REQ8$PRES8$EABIv2 0x00000000   Number         0  anon$$obj.o ABSOLUTE
    __ARM_use_no_argv                        0x00000000   Number         0  main.o ABSOLUTE
    _printf_a                                0x00000000   Number         0  stubs.o ABSOLUTE
    _printf_c                                0x00000000   Number         0  stubs.o ABSOLUTE
    _printf_charcount                        0x00000000   Number         0  stubs.o ABSOLUTE
    _printf_d                                0x00000000   Number         0  stubs.o ABSOLUTE
    _printf_e                                0x00000000   Number         0  stubs.o ABSOLUTE
    _printf_f                                0x00000000   Number         0  stubs.o ABSOLUTE
    _printf_flags                            0x00000000   Number         0  stubs.o ABSOLUTE
    _printf_fp_dec                           0x00000000   Number         0  stubs.o ABSOLUTE
    _printf_fp_hex                           0x00000000   Number         0  stubs.o ABSOLUTE
    _printf_g                                0x00000000   Number         0  stubs.o ABSOLUTE
    _printf_i                                0x00000000   Number         0  stubs.o ABSOLUTE
    _printf_int_dec                          0x00000000   Number         0  stubs.o ABSOLUTE
    _printf_l                                0x00000000   Number         0  stubs.o ABSOLUTE
    _printf_lc                               0x00000000   Number         0  stubs.o ABSOLUTE
    _printf_ll                               0x00000000   Number         0  stubs.o ABSOLUTE
    _printf_lld                              0x00000000   Number         0  stubs.o ABSOLUTE
    _printf_lli                              0x00000000   Number         0  stubs.o ABSOLUTE
    _printf_llo                              0x00000000   Number         0  stubs.o ABSOLUTE
    _printf_llu                              0x00000000   Number         0  stubs.o ABSOLUTE
    _printf_llx                              0x00000000   Number         0  stubs.o ABSOLUTE
    _printf_longlong_dec                     0x00000000   Number         0  stubs.o ABSOLUTE
    _printf_longlong_hex                     0x00000000   Number         0  stubs.o ABSOLUTE
    _printf_longlong_oct                     0x00000000   Number         0  stubs.o ABSOLUTE
    _printf_ls                               0x00000000   Number         0  stubs.o ABSOLUTE
    _printf_mbtowc                           0x00000000   Number         0  stubs.o ABSOLUTE
    _printf_n                                0x00000000   Number         0  stubs.o ABSOLUTE
    _printf_o                                0x00000000   Number         0  stubs.o ABSOLUTE
    _printf_p                                0x00000000   Number         0  stubs.o ABSOLUTE
    _printf_percent                          0x00000000   Number         0  stubs.o ABSOLUTE
    _printf_pre_padding                      0x00000000   Number         0  stubs.o ABSOLUTE
    _printf_return_value                     0x00000000   Number         0  stubs.o ABSOLUTE
    _printf_s                                0x00000000   Number         0  stubs.o ABSOLUTE
    _printf_sizespec                         0x00000000   Number         0  stubs.o ABSOLUTE
    _printf_str                              0x00000000   Number         0  stubs.o ABSOLUTE
    _printf_truncate_signed                  0x00000000   Number         0  stubs.o ABSOLUTE
    _printf_truncate_unsigned                0x00000000   Number         0  stubs.o ABSOLUTE
    _printf_u                                0x00000000   Number         0  stubs.o ABSOLUTE
    _printf_wc                               0x00000000   Number         0  stubs.o ABSOLUTE
    _printf_wctomb                           0x00000000   Number         0  stubs.o ABSOLUTE
    _printf_widthprec                        0x00000000   Number         0  stubs.o ABSOLUTE
    _printf_x                                0x00000000   Number         0  stubs.o ABSOLUTE
    __cpp_initialize__aeabi_                  - Undefined Weak Reference
    __cxa_finalize                            - Undefined Weak Reference
    __decompress                              - Undefined Weak Reference
    _clock_init                               - Undefined Weak Reference
    _microlib_exit                            - Undefined Weak Reference
    __Vectors_Size                           0x00000130   Number         0  startup_stm32f103xe.o ABSOLUTE
    __Vectors                                0x08000000   Data           4  startup_stm32f103xe.o(RESET)
    __Vectors_End                            0x08000130   Data           0  startup_stm32f103xe.o(RESET)
    __main                                   0x08000131   Thumb Code     0  entry.o(.ARM.Collect$$$$00000000)
    _main_stk                                0x08000131   Thumb Code     0  entry2.o(.ARM.Collect$$$$00000001)
    _main_scatterload                        0x08000135   Thumb Code     0  entry5.o(.ARM.Collect$$$$00000004)
    __main_after_scatterload                 0x08000139   Thumb Code     0  entry5.o(.ARM.Collect$$$$00000004)
    _main_clock                              0x08000139   Thumb Code     0  entry7b.o(.ARM.Collect$$$$00000008)
    _main_cpp_init                           0x08000139   Thumb Code     0  entry8b.o(.ARM.Collect$$$$0000000A)
    _main_init                               0x08000139   Thumb Code     0  entry9a.o(.ARM.Collect$$$$0000000B)
    __rt_final_cpp                           0x08000141   Thumb Code     0  entry10a.o(.ARM.Collect$$$$0000000D)
    __rt_final_exit                          0x08000141   Thumb Code     0  entry11a.o(.ARM.Collect$$$$0000000F)
    SVC_Handler                              0x08000145   Thumb Code    32  port.o(.emb_text)
    __asm___6_port_c_39a90d8d__prvStartFirstTask 0x08000169   Thumb Code    28  port.o(.emb_text)
    PendSV_Handler                           0x08000189   Thumb Code    72  port.o(.emb_text)
    vPortGetIPSR                             0x080001d5   Thumb Code     6  port.o(.emb_text)
    Reset_Handler                            0x080001dd   Thumb Code     8  startup_stm32f103xe.o(.text)
    ADC1_2_IRQHandler                        0x080001f7   Thumb Code     0  startup_stm32f103xe.o(.text)
    ADC3_IRQHandler                          0x080001f7   Thumb Code     0  startup_stm32f103xe.o(.text)
    CAN1_RX1_IRQHandler                      0x080001f7   Thumb Code     0  startup_stm32f103xe.o(.text)
    CAN1_SCE_IRQHandler                      0x080001f7   Thumb Code     0  startup_stm32f103xe.o(.text)
    DMA1_Channel1_IRQHandler                 0x080001f7   Thumb Code     0  startup_stm32f103xe.o(.text)
    DMA1_Channel2_IRQHandler                 0x080001f7   Thumb Code     0  startup_stm32f103xe.o(.text)
    DMA1_Channel3_IRQHandler                 0x080001f7   Thumb Code     0  startup_stm32f103xe.o(.text)
    DMA1_Channel4_IRQHandler                 0x080001f7   Thumb Code     0  startup_stm32f103xe.o(.text)
    DMA1_Channel5_IRQHandler                 0x080001f7   Thumb Code     0  startup_stm32f103xe.o(.text)
    DMA1_Channel6_IRQHandler                 0x080001f7   Thumb Code     0  startup_stm32f103xe.o(.text)
    DMA1_Channel7_IRQHandler                 0x080001f7   Thumb Code     0  startup_stm32f103xe.o(.text)
    DMA2_Channel1_IRQHandler                 0x080001f7   Thumb Code     0  startup_stm32f103xe.o(.text)
    DMA2_Channel2_IRQHandler                 0x080001f7   Thumb Code     0  startup_stm32f103xe.o(.text)
    DMA2_Channel3_IRQHandler                 0x080001f7   Thumb Code     0  startup_stm32f103xe.o(.text)
    DMA2_Channel4_5_IRQHandler               0x080001f7   Thumb Code     0  startup_stm32f103xe.o(.text)
    EXTI0_IRQHandler                         0x080001f7   Thumb Code     0  startup_stm32f103xe.o(.text)
    EXTI1_IRQHandler                         0x080001f7   Thumb Code     0  startup_stm32f103xe.o(.text)
    EXTI2_IRQHandler                         0x080001f7   Thumb Code     0  startup_stm32f103xe.o(.text)
    EXTI3_IRQHandler                         0x080001f7   Thumb Code     0  startup_stm32f103xe.o(.text)
    EXTI4_IRQHandler                         0x080001f7   Thumb Code     0  startup_stm32f103xe.o(.text)
    EXTI9_5_IRQHandler                       0x080001f7   Thumb Code     0  startup_stm32f103xe.o(.text)
    FLASH_IRQHandler                         0x080001f7   Thumb Code     0  startup_stm32f103xe.o(.text)
    FSMC_IRQHandler                          0x080001f7   Thumb Code     0  startup_stm32f103xe.o(.text)
    I2C1_ER_IRQHandler                       0x080001f7   Thumb Code     0  startup_stm32f103xe.o(.text)
    I2C1_EV_IRQHandler                       0x080001f7   Thumb Code     0  startup_stm32f103xe.o(.text)
    I2C2_ER_IRQHandler                       0x080001f7   Thumb Code     0  startup_stm32f103xe.o(.text)
    I2C2_EV_IRQHandler                       0x080001f7   Thumb Code     0  startup_stm32f103xe.o(.text)
    PVD_IRQHandler                           0x080001f7   Thumb Code     0  startup_stm32f103xe.o(.text)
    RCC_IRQHandler                           0x080001f7   Thumb Code     0  startup_stm32f103xe.o(.text)
    RTC_Alarm_IRQHandler                     0x080001f7   Thumb Code     0  startup_stm32f103xe.o(.text)
    RTC_IRQHandler                           0x080001f7   Thumb Code     0  startup_stm32f103xe.o(.text)
    SDIO_IRQHandler                          0x080001f7   Thumb Code     0  startup_stm32f103xe.o(.text)
    SPI1_IRQHandler                          0x080001f7   Thumb Code     0  startup_stm32f103xe.o(.text)
    SPI2_IRQHandler                          0x080001f7   Thumb Code     0  startup_stm32f103xe.o(.text)
    SPI3_IRQHandler                          0x080001f7   Thumb Code     0  startup_stm32f103xe.o(.text)
    TAMPER_IRQHandler                        0x080001f7   Thumb Code     0  startup_stm32f103xe.o(.text)
    TIM1_BRK_IRQHandler                      0x080001f7   Thumb Code     0  startup_stm32f103xe.o(.text)
    TIM1_CC_IRQHandler                       0x080001f7   Thumb Code     0  startup_stm32f103xe.o(.text)
    TIM1_TRG_COM_IRQHandler                  0x080001f7   Thumb Code     0  startup_stm32f103xe.o(.text)
    TIM1_UP_IRQHandler                       0x080001f7   Thumb Code     0  startup_stm32f103xe.o(.text)
    TIM2_IRQHandler                          0x080001f7   Thumb Code     0  startup_stm32f103xe.o(.text)
    TIM3_IRQHandler                          0x080001f7   Thumb Code     0  startup_stm32f103xe.o(.text)
    TIM4_IRQHandler                          0x080001f7   Thumb Code     0  startup_stm32f103xe.o(.text)
    TIM5_IRQHandler                          0x080001f7   Thumb Code     0  startup_stm32f103xe.o(.text)
    TIM6_IRQHandler                          0x080001f7   Thumb Code     0  startup_stm32f103xe.o(.text)
    TIM7_IRQHandler                          0x080001f7   Thumb Code     0  startup_stm32f103xe.o(.text)
    TIM8_BRK_IRQHandler                      0x080001f7   Thumb Code     0  startup_stm32f103xe.o(.text)
    TIM8_CC_IRQHandler                       0x080001f7   Thumb Code     0  startup_stm32f103xe.o(.text)
    TIM8_TRG_COM_IRQHandler                  0x080001f7   Thumb Code     0  startup_stm32f103xe.o(.text)
    UART4_IRQHandler                         0x080001f7   Thumb Code     0  startup_stm32f103xe.o(.text)
    UART5_IRQHandler                         0x080001f7   Thumb Code     0  startup_stm32f103xe.o(.text)
    USART2_IRQHandler                        0x080001f7   Thumb Code     0  startup_stm32f103xe.o(.text)
    USBWakeUp_IRQHandler                     0x080001f7   Thumb Code     0  startup_stm32f103xe.o(.text)
    USB_HP_CAN1_TX_IRQHandler                0x080001f7   Thumb Code     0  startup_stm32f103xe.o(.text)
    USB_LP_CAN1_RX0_IRQHandler               0x080001f7   Thumb Code     0  startup_stm32f103xe.o(.text)
    WWDG_IRQHandler                          0x080001f7   Thumb Code     0  startup_stm32f103xe.o(.text)
    __aeabi_llsr                             0x08000201   Thumb Code    32  llushr.o(.text)
    _ll_ushift_r                             0x08000201   Thumb Code     0  llushr.o(.text)
    rand                                     0x08000221   Thumb Code    20  rand.o(.text)
    srand                                    0x08000235   Thumb Code     6  rand.o(.text)
    __aeabi_memcpy                           0x08000245   Thumb Code    36  memcpya.o(.text)
    __aeabi_memcpy4                          0x08000245   Thumb Code     0  memcpya.o(.text)
    __aeabi_memcpy8                          0x08000245   Thumb Code     0  memcpya.o(.text)
    __aeabi_memset                           0x08000269   Thumb Code    14  memseta.o(.text)
    __aeabi_memset4                          0x08000269   Thumb Code     0  memseta.o(.text)
    __aeabi_memset8                          0x08000269   Thumb Code     0  memseta.o(.text)
    __aeabi_memclr                           0x08000277   Thumb Code     4  memseta.o(.text)
    __aeabi_memclr4                          0x08000277   Thumb Code     0  memseta.o(.text)
    __aeabi_memclr8                          0x08000277   Thumb Code     0  memseta.o(.text)
    memset                                   0x0800027b   Thumb Code    18  memseta.o(.text)
    strstr                                   0x0800028d   Thumb Code    36  strstr.o(.text)
    strlen                                   0x080002b1   Thumb Code    14  strlen.o(.text)
    strncmp                                  0x080002bf   Thumb Code    30  strncmp.o(.text)
    __aeabi_uldivmod                         0x080002dd   Thumb Code    98  uldiv.o(.text)
    __scatterload                            0x08000341   Thumb Code    28  init.o(.text)
    __scatterload_rt2                        0x08000341   Thumb Code     0  init.o(.text)
    __aeabi_llsl                             0x08000365   Thumb Code    30  llshl.o(.text)
    _ll_shift_l                              0x08000365   Thumb Code     0  llshl.o(.text)
    ATInit                                   0x08000385   Thumb Code    24  at_command.o(i.ATInit)
    ATReadData                               0x080003a9   Thumb Code    48  at_command.o(i.ATReadData)
    ATRecvParser                             0x080003e1   Thumb Code   152  at_command.o(i.ATRecvParser)
    ATSendCmd                                0x08000491   Thumb Code    94  at_command.o(i.ATSendCmd)
    ATSendData                               0x080004fd   Thumb Code    48  at_command.o(i.ATSendData)
    BusFault_Handler                         0x08000531   Thumb Code     4  stm32f1xx_it.o(i.BusFault_Handler)
    DebugMon_Handler                         0x08000535   Thumb Code     2  stm32f1xx_it.o(i.DebugMon_Handler)
    EXTI15_10_IRQHandler                     0x08000537   Thumb Code    20  driver_key.o(i.EXTI15_10_IRQHandler)
    EnableDebugIRQ                           0x0800054d   Thumb Code    36  driver_usart.o(i.EnableDebugIRQ)
    EnableUART3IRQ                           0x08000575   Thumb Code    36  driver_usart.o(i.EnableUART3IRQ)
    Error_Handler                            0x0800059d   Thumb Code     6  main.o(i.Error_Handler)
    GetATStatus                              0x080005a5   Thumb Code     6  at_command.o(i.GetATStatus)
    HAL_AT_Secv                              0x080005d1   Thumb Code    16  at_uart_hal.o(i.HAL_AT_Secv)
    HAL_AT_Send                              0x080005e1   Thumb Code    16  at_uart_hal.o(i.HAL_AT_Send)
    HAL_DMA_Abort                            0x080005f1   Thumb Code    86  stm32f1xx_hal_dma.o(i.HAL_DMA_Abort)
    HAL_DMA_Abort_IT                         0x08000649   Thumb Code   414  stm32f1xx_hal_dma.o(i.HAL_DMA_Abort_IT)
    HAL_GPIO_EXTI_Callback                   0x080007f1   Thumb Code    48  driver_key.o(i.HAL_GPIO_EXTI_Callback)
    HAL_GPIO_EXTI_IRQHandler                 0x0800082d   Thumb Code    24  stm32f1xx_hal_gpio.o(i.HAL_GPIO_EXTI_IRQHandler)
    HAL_GPIO_Init                            0x08000849   Thumb Code   792  stm32f1xx_hal_gpio.o(i.HAL_GPIO_Init)
    HAL_GPIO_ReadPin                         0x08000b89   Thumb Code    16  stm32f1xx_hal_gpio.o(i.HAL_GPIO_ReadPin)
    HAL_GPIO_WritePin                        0x08000b99   Thumb Code    12  stm32f1xx_hal_gpio.o(i.HAL_GPIO_WritePin)
    HAL_GetTick                              0x08000ba5   Thumb Code     6  stm32f1xx_hal.o(i.HAL_GetTick)
    HAL_IncTick                              0x08000bb1   Thumb Code    16  stm32f1xx_hal.o(i.HAL_IncTick)
    HAL_Init                                 0x08000bc9   Thumb Code    34  stm32f1xx_hal.o(i.HAL_Init)
    HAL_InitTick                             0x08000bf1   Thumb Code   118  stm32f1xx_hal_timebase_tim.o(i.HAL_InitTick)
    HAL_MspInit                              0x08000c79   Thumb Code    86  stm32f1xx_hal_msp.o(i.HAL_MspInit)
    HAL_NVIC_EnableIRQ                       0x08000cd9   Thumb Code    32  stm32f1xx_hal_cortex.o(i.HAL_NVIC_EnableIRQ)
    HAL_NVIC_SetPriority                     0x08000cf9   Thumb Code   124  stm32f1xx_hal_cortex.o(i.HAL_NVIC_SetPriority)
    HAL_NVIC_SetPriorityGrouping             0x08000d75   Thumb Code    32  stm32f1xx_hal_cortex.o(i.HAL_NVIC_SetPriorityGrouping)
    HAL_RCC_ClockConfig                      0x08000d9d   Thumb Code   376  stm32f1xx_hal_rcc.o(i.HAL_RCC_ClockConfig)
    HAL_RCC_GetClockConfig                   0x08000f29   Thumb Code    58  stm32f1xx_hal_rcc.o(i.HAL_RCC_GetClockConfig)
    HAL_RCC_GetHCLKFreq                      0x08000f6d   Thumb Code     6  stm32f1xx_hal_rcc.o(i.HAL_RCC_GetHCLKFreq)
    HAL_RCC_GetPCLK1Freq                     0x08000f79   Thumb Code    22  stm32f1xx_hal_rcc.o(i.HAL_RCC_GetPCLK1Freq)
    HAL_RCC_GetPCLK2Freq                     0x08000f99   Thumb Code    22  stm32f1xx_hal_rcc.o(i.HAL_RCC_GetPCLK2Freq)
    HAL_RCC_GetSysClockFreq                  0x08000fb9   Thumb Code   116  stm32f1xx_hal_rcc.o(i.HAL_RCC_GetSysClockFreq)
    HAL_RCC_OscConfig                        0x0800104d   Thumb Code  1114  stm32f1xx_hal_rcc.o(i.HAL_RCC_OscConfig)
    HAL_TIMEx_BreakCallback                  0x080014b1   Thumb Code     2  stm32f1xx_hal_tim_ex.o(i.HAL_TIMEx_BreakCallback)
    HAL_TIMEx_CommutCallback                 0x080014b3   Thumb Code     2  stm32f1xx_hal_tim_ex.o(i.HAL_TIMEx_CommutCallback)
    HAL_TIM_Base_Init                        0x080014b5   Thumb Code   102  stm32f1xx_hal_tim.o(i.HAL_TIM_Base_Init)
    HAL_TIM_Base_MspInit                     0x0800151b   Thumb Code     2  stm32f1xx_hal_tim.o(i.HAL_TIM_Base_MspInit)
    HAL_TIM_Base_Start_IT                    0x0800151d   Thumb Code   122  stm32f1xx_hal_tim.o(i.HAL_TIM_Base_Start_IT)
    HAL_TIM_IC_CaptureCallback               0x080015ad   Thumb Code     2  stm32f1xx_hal_tim.o(i.HAL_TIM_IC_CaptureCallback)
    HAL_TIM_IRQHandler                       0x080015af   Thumb Code   406  stm32f1xx_hal_tim.o(i.HAL_TIM_IRQHandler)
    HAL_TIM_OC_DelayElapsedCallback          0x08001745   Thumb Code     2  stm32f1xx_hal_tim.o(i.HAL_TIM_OC_DelayElapsedCallback)
    HAL_TIM_PWM_PulseFinishedCallback        0x08001747   Thumb Code     2  stm32f1xx_hal_tim.o(i.HAL_TIM_PWM_PulseFinishedCallback)
    HAL_TIM_PeriodElapsedCallback            0x08001749   Thumb Code    18  main.o(i.HAL_TIM_PeriodElapsedCallback)
    HAL_TIM_TriggerCallback                  0x08001761   Thumb Code     2  stm32f1xx_hal_tim.o(i.HAL_TIM_TriggerCallback)
    HAL_UARTEx_RxEventCallback               0x08001763   Thumb Code     2  stm32f1xx_hal_uart.o(i.HAL_UARTEx_RxEventCallback)
    HAL_UART_ErrorCallback                   0x08001765   Thumb Code     2  stm32f1xx_hal_uart.o(i.HAL_UART_ErrorCallback)
    HAL_UART_IRQHandler                      0x08001769   Thumb Code   582  stm32f1xx_hal_uart.o(i.HAL_UART_IRQHandler)
    HAL_UART_Init                            0x080019b5   Thumb Code   114  stm32f1xx_hal_uart.o(i.HAL_UART_Init)
    HAL_UART_MspInit                         0x08001a29   Thumb Code   266  usart.o(i.HAL_UART_MspInit)
    HAL_UART_RxCpltCallback                  0x08001b4d   Thumb Code    16  driver_usart.o(i.HAL_UART_RxCpltCallback)
    HAL_UART_Transmit_IT                     0x08001b65   Thumb Code    88  stm32f1xx_hal_uart.o(i.HAL_UART_Transmit_IT)
    HAL_UART_TxCpltCallback                  0x08001bbd   Thumb Code    16  driver_usart.o(i.HAL_UART_TxCpltCallback)
    HardFault_Handler                        0x08001bd5   Thumb Code     4  stm32f1xx_it.o(i.HardFault_Handler)
    KEY_GPIO_ReInit                          0x08001bd9   Thumb Code   122  driver_key.o(i.KEY_GPIO_ReInit)
    MQTTDeserialize_ack                      0x08001c61   Thumb Code   108  mqttdeserializepublish.o(i.MQTTDeserialize_ack)
    MQTTDeserialize_connack                  0x08001ccd   Thumb Code   118  mqttconnectclient.o(i.MQTTDeserialize_connack)
    MQTTDeserialize_publish                  0x08001d43   Thumb Code   168  mqttdeserializepublish.o(i.MQTTDeserialize_publish)
    MQTTDeserialize_suback                   0x08001deb   Thumb Code   146  mqttsubscribeclient.o(i.MQTTDeserialize_suback)
    MQTTDeserialize_unsuback                 0x08001e7d   Thumb Code    46  mqttunsubscribeclient.o(i.MQTTDeserialize_unsuback)
    MQTTPacket_decode                        0x08001eab   Thumb Code    88  mqttpacket.o(i.MQTTPacket_decode)
    MQTTPacket_decodeBuf                     0x08001f05   Thumb Code    20  mqttpacket.o(i.MQTTPacket_decodeBuf)
    MQTTPacket_encode                        0x08001f21   Thumb Code    54  mqttpacket.o(i.MQTTPacket_encode)
    MQTTPacket_equals                        0x08001f57   Thumb Code    66  mqttpacket.o(i.MQTTPacket_equals)
    MQTTPacket_len                           0x08001f99   Thumb Code    34  mqttpacket.o(i.MQTTPacket_len)
    MQTTSerialize_ack                        0x08001fc1   Thumb Code   114  mqttserializepublish.o(i.MQTTSerialize_ack)
    MQTTSerialize_connect                    0x08002035   Thumb Code   342  mqttconnectclient.o(i.MQTTSerialize_connect)
    MQTTSerialize_connectLength              0x0800219d   Thumb Code   118  mqttconnectclient.o(i.MQTTSerialize_connectLength)
    MQTTSerialize_pingreq                    0x08002213   Thumb Code    18  mqttconnectclient.o(i.MQTTSerialize_pingreq)
    MQTTSerialize_publish                    0x08002225   Thumb Code   176  mqttserializepublish.o(i.MQTTSerialize_publish)
    MQTTSerialize_publishLength              0x080022d5   Thumb Code    34  mqttserializepublish.o(i.MQTTSerialize_publishLength)
    MQTTSerialize_subscribe                  0x080022f7   Thumb Code   176  mqttsubscribeclient.o(i.MQTTSerialize_subscribe)
    MQTTSerialize_subscribeLength            0x080023a7   Thumb Code    46  mqttsubscribeclient.o(i.MQTTSerialize_subscribeLength)
    MQTTSerialize_zero                       0x080023d5   Thumb Code    76  mqttconnectclient.o(i.MQTTSerialize_zero)
    MQTT_Client_Task                         0x08002421   Thumb Code   232  at_command.o(i.MQTT_Client_Task)
    MQTTstrlen                               0x080025bd   Thumb Code    24  mqttpacket.o(i.MQTTstrlen)
    MX_FREERTOS_Init                         0x080025d5   Thumb Code    42  freertos.o(i.MX_FREERTOS_Init)
    MX_GPIO_Init                             0x08002615   Thumb Code   272  gpio.o(i.MX_GPIO_Init)
    MX_USART1_UART_Init                      0x08002735   Thumb Code    46  usart.o(i.MX_USART1_UART_Init)
    MX_USART3_UART_Init                      0x0800276d   Thumb Code    46  usart.o(i.MX_USART3_UART_Init)
    MemManage_Handler                        0x080027a5   Thumb Code     4  stm32f1xx_it.o(i.MemManage_Handler)
    NMI_Handler                              0x080027a9   Thumb Code     4  stm32f1xx_it.o(i.NMI_Handler)
    SetATStatus                              0x08002835   Thumb Code     6  at_command.o(i.SetATStatus)
    StartDefaultTask                         0x08002841   Thumb Code    16  freertos.o(i.StartDefaultTask)
    SysTick_Handler                          0x08002865   Thumb Code    46  port.o(i.SysTick_Handler)
    SystemClock_Config                       0x08002899   Thumb Code   102  main.o(i.SystemClock_Config)
    SystemInit                               0x080028ff   Thumb Code     2  system_stm32f1xx.o(i.SystemInit)
    TIM8_UP_IRQHandler                       0x08002901   Thumb Code    10  stm32f1xx_it.o(i.TIM8_UP_IRQHandler)
    TIM_Base_SetConfig                       0x08002911   Thumb Code   134  stm32f1xx_hal_tim.o(i.TIM_Base_SetConfig)
    UART3_Lock_Init                          0x080029ad   Thumb Code    16  stm32_uart3.o(i.UART3_Lock_Init)
    USART1_IRQHandler                        0x08002c71   Thumb Code    38  driver_usart.o(i.USART1_IRQHandler)
    USART3_IRQHandler                        0x08002ca5   Thumb Code    54  stm32_uart3.o(i.USART3_IRQHandler)
    USART3_Read                              0x08002ce9   Thumb Code    30  stm32_uart3.o(i.USART3_Read)
    USART3_Write                             0x08002d11   Thumb Code    40  stm32_uart3.o(i.USART3_Write)
    UsageFault_Handler                       0x08002d3d   Thumb Code     4  stm32f1xx_it.o(i.UsageFault_Handler)
    __0printf$8                              0x08002d41   Thumb Code    22  printf8.o(i.__0printf$8)
    __1printf$8                              0x08002d41   Thumb Code     0  printf8.o(i.__0printf$8)
    __2printf                                0x08002d41   Thumb Code     0  printf8.o(i.__0printf$8)
    __0sprintf$8                             0x08002d61   Thumb Code    34  printf8.o(i.__0sprintf$8)
    __1sprintf$8                             0x08002d61   Thumb Code     0  printf8.o(i.__0sprintf$8)
    __2sprintf                               0x08002d61   Thumb Code     0  printf8.o(i.__0sprintf$8)
    __scatterload_copy                       0x08002dd3   Thumb Code    14  handlers.o(i.__scatterload_copy)
    __scatterload_null                       0x08002de1   Thumb Code     2  handlers.o(i.__scatterload_null)
    __scatterload_zeroinit                   0x08002de3   Thumb Code    14  handlers.o(i.__scatterload_zeroinit)
    bufchar                                  0x0800327d   Thumb Code    36  mqttpacket.o(i.bufchar)
    fputc                                    0x0800333d   Thumb Code    34  driver_usart.o(i.fputc)
    main                                     0x08003369   Thumb Code    58  main.o(i.main)
    mqtt_connect                             0x08003727   Thumb Code    12  mqttclient.o(i.mqtt_connect)
    mqtt_keep_alive                          0x08003c69   Thumb Code   142  mqttclient.o(i.mqtt_keep_alive)
    mqtt_lease                               0x08003d49   Thumb Code    42  mqttclient.o(i.mqtt_lease)
    mqtt_list_add_tail                       0x08003d73   Thumb Code    18  mqtt_list.o(i.mqtt_list_add_tail)
    mqtt_list_del                            0x08003d85   Thumb Code    14  mqtt_list.o(i.mqtt_list_del)
    mqtt_list_del_init                       0x08003d93   Thumb Code    18  mqtt_list.o(i.mqtt_list_del_init)
    mqtt_list_init                           0x08003da5   Thumb Code     6  mqtt_list.o(i.mqtt_list_init)
    mqtt_list_is_empty                       0x08003dab   Thumb Code    16  mqtt_list.o(i.mqtt_list_is_empty)
    mqtt_publish                             0x08004045   Thumb Code   310  mqttclient.o(i.mqtt_publish)
    mqtt_set_clean_session                   0x08004625   Thumb Code    50  mqttclient.o(i.mqtt_set_clean_session)
    mqtt_set_client_id                       0x080046a9   Thumb Code    38  mqttclient.o(i.mqtt_set_client_id)
    mqtt_set_host                            0x0800473d   Thumb Code    38  mqttclient.o(i.mqtt_set_host)
    mqtt_set_password                        0x080047b5   Thumb Code    38  mqttclient.o(i.mqtt_set_password)
    mqtt_set_port                            0x0800482d   Thumb Code    38  mqttclient.o(i.mqtt_set_port)
    mqtt_set_user_name                       0x080048f1   Thumb Code    38  mqttclient.o(i.mqtt_set_user_name)
    mqtt_sleep_ms                            0x08004969   Thumb Code    18  mqttclient.o(i.mqtt_sleep_ms)
    mqtt_subscribe                           0x08004a31   Thumb Code   178  mqttclient.o(i.mqtt_subscribe)
    nettype_tcp_connect                      0x08005101   Thumb Code    30  nettype_tcp.o(i.nettype_tcp_connect)
    nettype_tcp_disconnect                   0x0800511f   Thumb Code    20  nettype_tcp.o(i.nettype_tcp_disconnect)
    nettype_tcp_read                         0x08005133   Thumb Code    28  nettype_tcp.o(i.nettype_tcp_read)
    nettype_tcp_write                        0x0800514f   Thumb Code    28  nettype_tcp.o(i.nettype_tcp_write)
    network_connect                          0x0800516b   Thumb Code    12  network.o(i.network_connect)
    network_disconnect                       0x08005177   Thumb Code    12  network.o(i.network_disconnect)
    network_init                             0x08005183   Thumb Code    26  network.o(i.network_init)
    network_read                             0x0800519d   Thumb Code    28  network.o(i.network_read)
    network_release                          0x080051b9   Thumb Code    26  network.o(i.network_release)
    network_write                            0x080051d3   Thumb Code    28  network.o(i.network_write)
    osDelay                                  0x080051f1   Thumb Code    50  cmsis_os2.o(i.osDelay)
    osKernelInitialize                       0x08005229   Thumb Code    58  cmsis_os2.o(i.osKernelInitialize)
    osKernelStart                            0x08005269   Thumb Code    64  cmsis_os2.o(i.osKernelStart)
    osThreadNew                              0x080052ad   Thumb Code   216  cmsis_os2.o(i.osThreadNew)
    platform_memory_alloc                    0x08005389   Thumb Code    26  platform_memory.o(i.platform_memory_alloc)
    platform_memory_free                     0x080053a3   Thumb Code    12  platform_memory.o(i.platform_memory_free)
    platform_mutex_init                      0x080053af   Thumb Code    16  platform_mutex.o(i.platform_mutex_init)
    platform_mutex_lock                      0x080053bf   Thumb Code    16  platform_mutex.o(i.platform_mutex_lock)
    platform_mutex_unlock                    0x080053cf   Thumb Code    18  platform_mutex.o(i.platform_mutex_unlock)
    platform_net_socket_close                0x080053e1   Thumb Code    20  platform_net_socket.o(i.platform_net_socket_close)
    platform_net_socket_connect              0x08005401   Thumb Code   156  platform_net_socket.o(i.platform_net_socket_connect)
    platform_net_socket_recv_timeout         0x0800554d   Thumb Code    44  platform_net_socket.o(i.platform_net_socket_recv_timeout)
    platform_net_socket_write_timeout        0x08005579   Thumb Code   104  platform_net_socket.o(i.platform_net_socket_write_timeout)
    platform_semphore_give                   0x08005631   Thumb Code    18  platform_semaphore.o(i.platform_semphore_give)
    platform_semphore_give_from_isr          0x08005645   Thumb Code    38  platform_semaphore.o(i.platform_semphore_give_from_isr)
    platform_semphore_init                   0x08005675   Thumb Code    20  platform_semaphore.o(i.platform_semphore_init)
    platform_semphore_take_timeout           0x08005689   Thumb Code    16  platform_semaphore.o(i.platform_semphore_take_timeout)
    platform_thread_destroy                  0x08005699   Thumb Code    20  platform_thread.o(i.platform_thread_destroy)
    platform_thread_init                     0x080056ad   Thumb Code    64  platform_thread.o(i.platform_thread_init)
    platform_thread_start                    0x080056ed   Thumb Code    12  platform_thread.o(i.platform_thread_start)
    platform_thread_startup                  0x080056f9   Thumb Code     2  platform_thread.o(i.platform_thread_startup)
    platform_thread_stop                     0x080056fb   Thumb Code    12  platform_thread.o(i.platform_thread_stop)
    platform_timer_cutdown                   0x08005707   Thumb Code    20  platform_timer.o(i.platform_timer_cutdown)
    platform_timer_init                      0x0800571b   Thumb Code     6  platform_timer.o(i.platform_timer_init)
    platform_timer_is_expired                0x08005721   Thumb Code    22  platform_timer.o(i.platform_timer_is_expired)
    platform_timer_now                       0x08005737   Thumb Code     8  platform_timer.o(i.platform_timer_now)
    platform_timer_remain                    0x0800573f   Thumb Code    26  platform_timer.o(i.platform_timer_remain)
    platform_timer_usleep                    0x08005759   Thumb Code    20  platform_timer.o(i.platform_timer_usleep)
    pvPortMalloc                             0x080061c9   Thumb Code   296  heap_4.o(i.pvPortMalloc)
    pvTaskIncrementMutexHeldCount            0x08006305   Thumb Code    26  tasks.o(i.pvTaskIncrementMutexHeldCount)
    pxPortInitialiseStack                    0x08006325   Thumb Code    30  port.o(i.pxPortInitialiseStack)
    random_number                            0x08006349   Thumb Code    50  random.o(i.random_number)
    random_string                            0x08006381   Thumb Code   202  random.o(i.random_string)
    readChar                                 0x08006451   Thumb Code    14  mqttpacket.o(i.readChar)
    readInt                                  0x0800645f   Thumb Code    26  mqttpacket.o(i.readInt)
    readMQTTLenString                        0x08006479   Thumb Code    58  mqttpacket.o(i.readMQTTLenString)
    ring_buffer_init                         0x080064b3   Thumb Code    12  ring_buffer.o(i.ring_buffer_init)
    ring_buffer_read                         0x080064bf   Thumb Code    46  ring_buffer.o(i.ring_buffer_read)
    ring_buffer_write                        0x080064ed   Thumb Code    30  ring_buffer.o(i.ring_buffer_write)
    uxListRemove                             0x0800659d   Thumb Code    40  list.o(i.uxListRemove)
    vApplicationGetIdleTaskMemory            0x080065c5   Thumb Code    14  cmsis_os2.o(i.vApplicationGetIdleTaskMemory)
    vApplicationGetTimerTaskMemory           0x080065dd   Thumb Code    16  cmsis_os2.o(i.vApplicationGetTimerTaskMemory)
    vListInitialise                          0x080065f5   Thumb Code    26  list.o(i.vListInitialise)
    vListInitialiseItem                      0x0800660f   Thumb Code     6  list.o(i.vListInitialiseItem)
    vListInsert                              0x08006615   Thumb Code    52  list.o(i.vListInsert)
    vListInsertEnd                           0x08006649   Thumb Code    24  list.o(i.vListInsertEnd)
    vPortEnterCritical                       0x08006661   Thumb Code    76  port.o(i.vPortEnterCritical)
    vPortExitCritical                        0x080066b5   Thumb Code    56  port.o(i.vPortExitCritical)
    vPortFree                                0x080066f1   Thumb Code   140  heap_4.o(i.vPortFree)
    vPortSetupTimerInterrupt                 0x08006785   Thumb Code    36  port.o(i.vPortSetupTimerInterrupt)
    vPortValidateInterruptPriority           0x080067ad   Thumb Code   106  port.o(i.vPortValidateInterruptPriority)
    vQueueAddToRegistry                      0x08006825   Thumb Code    38  queue.o(i.vQueueAddToRegistry)
    vQueueWaitForMessageRestricted           0x08006851   Thumb Code    74  queue.o(i.vQueueWaitForMessageRestricted)
    vTaskDelay                               0x0800689d   Thumb Code    82  tasks.o(i.vTaskDelay)
    vTaskDelete                              0x080068f9   Thumb Code   168  tasks.o(i.vTaskDelete)
    vTaskInternalSetTimeOutState             0x080069c1   Thumb Code    14  tasks.o(i.vTaskInternalSetTimeOutState)
    vTaskMissedYield                         0x080069d9   Thumb Code     8  tasks.o(i.vTaskMissedYield)
    vTaskPlaceOnEventList                    0x080069e5   Thumb Code    52  tasks.o(i.vTaskPlaceOnEventList)
    vTaskPlaceOnEventListRestricted          0x08006a1d   Thumb Code    60  tasks.o(i.vTaskPlaceOnEventListRestricted)
    vTaskPriorityDisinheritAfterTimeout      0x08006a5d   Thumb Code   194  tasks.o(i.vTaskPriorityDisinheritAfterTimeout)
    vTaskResume                              0x08006b2d   Thumb Code   126  tasks.o(i.vTaskResume)
    vTaskStartScheduler                      0x08006bbd   Thumb Code   156  tasks.o(i.vTaskStartScheduler)
    vTaskSuspend                             0x08006c75   Thumb Code   176  tasks.o(i.vTaskSuspend)
    vTaskSuspendAll                          0x08006d3d   Thumb Code    12  tasks.o(i.vTaskSuspendAll)
    vTaskSwitchContext                       0x08006d4d   Thumb Code   122  tasks.o(i.vTaskSwitchContext)
    writeCString                             0x08006ddd   Thumb Code    40  mqttpacket.o(i.writeCString)
    writeChar                                0x08006e05   Thumb Code    12  mqttpacket.o(i.writeChar)
    writeInt                                 0x08006e11   Thumb Code    48  mqttpacket.o(i.writeInt)
    writeMQTTString                          0x08006e41   Thumb Code    62  mqttpacket.o(i.writeMQTTString)
    xPortStartScheduler                      0x08006e81   Thumb Code   228  port.o(i.xPortStartScheduler)
    xQueueCreateMutex                        0x08006f79   Thumb Code    34  queue.o(i.xQueueCreateMutex)
    xQueueGenericCreate                      0x08006f9b   Thumb Code    94  queue.o(i.xQueueGenericCreate)
    xQueueGenericCreateStatic                0x08006ff9   Thumb Code   222  queue.o(i.xQueueGenericCreateStatic)
    xQueueGenericReset                       0x080070d9   Thumb Code   146  queue.o(i.xQueueGenericReset)
    xQueueGenericSend                        0x08007171   Thumb Code   420  queue.o(i.xQueueGenericSend)
    xQueueGenericSendFromISR                 0x08007319   Thumb Code   248  queue.o(i.xQueueGenericSendFromISR)
    xQueueGiveFromISR                        0x08007411   Thumb Code   224  queue.o(i.xQueueGiveFromISR)
    xQueueReceive                            0x080074f1   Thumb Code   356  queue.o(i.xQueueReceive)
    xQueueSemaphoreTake                      0x08007659   Thumb Code   434  queue.o(i.xQueueSemaphoreTake)
    xTaskCheckForTimeOut                     0x08007811   Thumb Code   132  tasks.o(i.xTaskCheckForTimeOut)
    xTaskCreate                              0x0800789d   Thumb Code   100  tasks.o(i.xTaskCreate)
    xTaskCreateStatic                        0x08007901   Thumb Code   184  tasks.o(i.xTaskCreateStatic)
    xTaskGetSchedulerState                   0x080079b9   Thumb Code    24  tasks.o(i.xTaskGetSchedulerState)
    xTaskGetTickCount                        0x080079d9   Thumb Code     6  tasks.o(i.xTaskGetTickCount)
    xTaskIncrementTick                       0x080079e5   Thumb Code   280  tasks.o(i.xTaskIncrementTick)
    xTaskPriorityDisinherit                  0x08007b29   Thumb Code   152  tasks.o(i.xTaskPriorityDisinherit)
    xTaskPriorityInherit                     0x08007bcd   Thumb Code   150  tasks.o(i.xTaskPriorityInherit)
    xTaskRemoveFromEventList                 0x08007c71   Thumb Code   126  tasks.o(i.xTaskRemoveFromEventList)
    xTaskResumeAll                           0x08007d09   Thumb Code   222  tasks.o(i.xTaskResumeAll)
    xTimerCreateTimerTask                    0x08007e0d   Thumb Code   100  timers.o(i.xTimerCreateTimerTask)
    xTimerGenericCommand                     0x08007e85   Thumb Code   128  timers.o(i.xTimerGenericCommand)
    defaultTask_attributes                   0x08007f08   Data          36  freertos.o(.constdata)
    AHBPrescTable                            0x08007f2c   Data          16  system_stm32f1xx.o(.constdata)
    APBPrescTable                            0x08007f3c   Data           8  system_stm32f1xx.o(.constdata)
    Region$$Table$$Base                      0x0800832c   Number         0  anon$$obj.o(Region$$Table)
    Region$$Table$$Limit                     0x0800834c   Number         0  anon$$obj.o(Region$$Table)
    defaultTaskHandle                        0x20000000   Data           4  freertos.o(.data)
    uwTick                                   0x20000004   Data           4  stm32f1xx_hal.o(.data)
    uwTickPrio                               0x20000008   Data           4  stm32f1xx_hal.o(.data)
    uwTickFreq                               0x2000000c   Data           1  stm32f1xx_hal.o(.data)
    SystemCoreClock                          0x20000010   Data           4  system_stm32f1xx.o(.data)
    pxCurrentTCB                             0x2000001c   Data           4  tasks.o(.data)
    __stdout                                 0x200000b4   Data           4  stdout.o(.data)
    test_buffer                              0x200000b8   Data        1032  main.o(.bss)
    huart1                                   0x200004c0   Data          68  usart.o(.bss)
    huart3                                   0x20000504   Data          68  usart.o(.bss)
    htim8                                    0x20000548   Data          72  stm32f1xx_hal_timebase_tim.o(.bss)
    xQueueRegistry                           0x20000590   Data          64  queue.o(.bss)
    __initial_sp                             0x20003ed8   Data           0  startup_stm32f103xe.o(STACK)



==============================================================================

Memory Map of the image

  Image Entry point : 0x08000131

  Load Region LR_IROM1 (Base: 0x08000000, Size: 0x00008404, Max: 0x00080000, ABSOLUTE)

    Execution Region ER_IROM1 (Exec base: 0x08000000, Load base: 0x08000000, Size: 0x0000834c, Max: 0x00080000, ABSOLUTE)

    Exec Addr    Load Addr    Size         Type   Attr      Idx    E Section Name        Object

    0x08000000   0x08000000   0x00000130   Data   RO            3    RESET               startup_stm32f103xe.o
    0x08000130   0x08000130   0x00000000   Code   RO         6254  * .ARM.Collect$$$$00000000  mc_w.l(entry.o)
    0x08000130   0x08000130   0x00000004   Code   RO         6539    .ARM.Collect$$$$00000001  mc_w.l(entry2.o)
    0x08000134   0x08000134   0x00000004   Code   RO         6542    .ARM.Collect$$$$00000004  mc_w.l(entry5.o)
    0x08000138   0x08000138   0x00000000   Code   RO         6544    .ARM.Collect$$$$00000008  mc_w.l(entry7b.o)
    0x08000138   0x08000138   0x00000000   Code   RO         6546    .ARM.Collect$$$$0000000A  mc_w.l(entry8b.o)
    0x08000138   0x08000138   0x00000008   Code   RO         6547    .ARM.Collect$$$$0000000B  mc_w.l(entry9a.o)
    0x08000140   0x08000140   0x00000000   Code   RO         6549    .ARM.Collect$$$$0000000D  mc_w.l(entry10a.o)
    0x08000140   0x08000140   0x00000000   Code   RO         6551    .ARM.Collect$$$$0000000F  mc_w.l(entry11a.o)
    0x08000140   0x08000140   0x00000004   Code   RO         6540    .ARM.Collect$$$$00002712  mc_w.l(entry2.o)
    0x08000144   0x08000144   0x00000096   Code   RO         4631    .emb_text           port.o
    0x080001da   0x080001da   0x00000002   PAD
    0x080001dc   0x080001dc   0x00000024   Code   RO            4    .text               startup_stm32f103xe.o
    0x08000200   0x08000200   0x00000020   Code   RO         6257    .text               mc_w.l(llushr.o)
    0x08000220   0x08000220   0x00000024   Code   RO         6259    .text               mc_w.l(rand.o)
    0x08000244   0x08000244   0x00000024   Code   RO         6262    .text               mc_w.l(memcpya.o)
    0x08000268   0x08000268   0x00000024   Code   RO         6266    .text               mc_w.l(memseta.o)
    0x0800028c   0x0800028c   0x00000024   Code   RO         6268    .text               mc_w.l(strstr.o)
    0x080002b0   0x080002b0   0x0000000e   Code   RO         6270    .text               mc_w.l(strlen.o)
    0x080002be   0x080002be   0x0000001e   Code   RO         6274    .text               mc_w.l(strncmp.o)
    0x080002dc   0x080002dc   0x00000062   Code   RO         6556    .text               mc_w.l(uldiv.o)
    0x0800033e   0x0800033e   0x00000002   PAD
    0x08000340   0x08000340   0x00000024   Code   RO         6569    .text               mc_w.l(init.o)
    0x08000364   0x08000364   0x0000001e   Code   RO         6571    .text               mc_w.l(llshl.o)
    0x08000382   0x08000382   0x00000002   PAD
    0x08000384   0x08000384   0x00000024   Code   RO         6084    i.ATInit            at_command.o
    0x080003a8   0x080003a8   0x00000038   Code   RO         6085    i.ATReadData        at_command.o
    0x080003e0   0x080003e0   0x000000b0   Code   RO         6086    i.ATRecvParser      at_command.o
    0x08000490   0x08000490   0x0000006c   Code   RO         6087    i.ATSendCmd         at_command.o
    0x080004fc   0x080004fc   0x00000034   Code   RO         6088    i.ATSendData        at_command.o
    0x08000530   0x08000530   0x00000004   Code   RO          331    i.BusFault_Handler  stm32f1xx_it.o
    0x08000534   0x08000534   0x00000002   Code   RO          332    i.DebugMon_Handler  stm32f1xx_it.o
    0x08000536   0x08000536   0x00000014   Code   RO         2996    i.EXTI15_10_IRQHandler  driver_key.o
    0x0800054a   0x0800054a   0x00000002   PAD
    0x0800054c   0x0800054c   0x00000028   Code   RO         2889    i.EnableDebugIRQ    driver_usart.o
    0x08000574   0x08000574   0x00000028   Code   RO         2890    i.EnableUART3IRQ    driver_usart.o
    0x0800059c   0x0800059c   0x00000006   Code   RO           13    i.Error_Handler     main.o
    0x080005a2   0x080005a2   0x00000002   PAD
    0x080005a4   0x080005a4   0x0000000c   Code   RO         6089    i.GetATStatus       at_command.o
    0x080005b0   0x080005b0   0x00000020   Code   RO         6090    i.GetSpecialATString  at_command.o
    0x080005d0   0x080005d0   0x00000010   Code   RO         6186    i.HAL_AT_Secv       at_uart_hal.o
    0x080005e0   0x080005e0   0x00000010   Code   RO         6187    i.HAL_AT_Send       at_uart_hal.o
    0x080005f0   0x080005f0   0x00000056   Code   RO          878    i.HAL_DMA_Abort     stm32f1xx_hal_dma.o
    0x08000646   0x08000646   0x00000002   PAD
    0x08000648   0x08000648   0x000001a8   Code   RO          879    i.HAL_DMA_Abort_IT  stm32f1xx_hal_dma.o
    0x080007f0   0x080007f0   0x0000003c   Code   RO         2997    i.HAL_GPIO_EXTI_Callback  driver_key.o
    0x0800082c   0x0800082c   0x0000001c   Code   RO          813    i.HAL_GPIO_EXTI_IRQHandler  stm32f1xx_hal_gpio.o
    0x08000848   0x08000848   0x00000340   Code   RO          814    i.HAL_GPIO_Init     stm32f1xx_hal_gpio.o
    0x08000b88   0x08000b88   0x00000010   Code   RO          816    i.HAL_GPIO_ReadPin  stm32f1xx_hal_gpio.o
    0x08000b98   0x08000b98   0x0000000c   Code   RO          818    i.HAL_GPIO_WritePin  stm32f1xx_hal_gpio.o
    0x08000ba4   0x08000ba4   0x0000000c   Code   RO          505    i.HAL_GetTick       stm32f1xx_hal.o
    0x08000bb0   0x08000bb0   0x00000018   Code   RO          511    i.HAL_IncTick       stm32f1xx_hal.o
    0x08000bc8   0x08000bc8   0x00000028   Code   RO          512    i.HAL_Init          stm32f1xx_hal.o
    0x08000bf0   0x08000bf0   0x00000088   Code   RO          419    i.HAL_InitTick      stm32f1xx_hal_timebase_tim.o
    0x08000c78   0x08000c78   0x00000060   Code   RO          395    i.HAL_MspInit       stm32f1xx_hal_msp.o
    0x08000cd8   0x08000cd8   0x00000020   Code   RO          974    i.HAL_NVIC_EnableIRQ  stm32f1xx_hal_cortex.o
    0x08000cf8   0x08000cf8   0x0000007c   Code   RO          980    i.HAL_NVIC_SetPriority  stm32f1xx_hal_cortex.o
    0x08000d74   0x08000d74   0x00000028   Code   RO          981    i.HAL_NVIC_SetPriorityGrouping  stm32f1xx_hal_cortex.o
    0x08000d9c   0x08000d9c   0x0000018c   Code   RO          669    i.HAL_RCC_ClockConfig  stm32f1xx_hal_rcc.o
    0x08000f28   0x08000f28   0x00000044   Code   RO          673    i.HAL_RCC_GetClockConfig  stm32f1xx_hal_rcc.o
    0x08000f6c   0x08000f6c   0x0000000c   Code   RO          674    i.HAL_RCC_GetHCLKFreq  stm32f1xx_hal_rcc.o
    0x08000f78   0x08000f78   0x00000020   Code   RO          676    i.HAL_RCC_GetPCLK1Freq  stm32f1xx_hal_rcc.o
    0x08000f98   0x08000f98   0x00000020   Code   RO          677    i.HAL_RCC_GetPCLK2Freq  stm32f1xx_hal_rcc.o
    0x08000fb8   0x08000fb8   0x00000094   Code   RO          678    i.HAL_RCC_GetSysClockFreq  stm32f1xx_hal_rcc.o
    0x0800104c   0x0800104c   0x00000464   Code   RO          681    i.HAL_RCC_OscConfig  stm32f1xx_hal_rcc.o
    0x080014b0   0x080014b0   0x00000002   Code   RO         2217    i.HAL_TIMEx_BreakCallback  stm32f1xx_hal_tim_ex.o
    0x080014b2   0x080014b2   0x00000002   Code   RO         2218    i.HAL_TIMEx_CommutCallback  stm32f1xx_hal_tim_ex.o
    0x080014b4   0x080014b4   0x00000066   Code   RO         1502    i.HAL_TIM_Base_Init  stm32f1xx_hal_tim.o
    0x0800151a   0x0800151a   0x00000002   Code   RO         1504    i.HAL_TIM_Base_MspInit  stm32f1xx_hal_tim.o
    0x0800151c   0x0800151c   0x00000090   Code   RO         1507    i.HAL_TIM_Base_Start_IT  stm32f1xx_hal_tim.o
    0x080015ac   0x080015ac   0x00000002   Code   RO         1536    i.HAL_TIM_IC_CaptureCallback  stm32f1xx_hal_tim.o
    0x080015ae   0x080015ae   0x00000196   Code   RO         1550    i.HAL_TIM_IRQHandler  stm32f1xx_hal_tim.o
    0x08001744   0x08001744   0x00000002   Code   RO         1553    i.HAL_TIM_OC_DelayElapsedCallback  stm32f1xx_hal_tim.o
    0x08001746   0x08001746   0x00000002   Code   RO         1580    i.HAL_TIM_PWM_PulseFinishedCallback  stm32f1xx_hal_tim.o
    0x08001748   0x08001748   0x00000018   Code   RO           14    i.HAL_TIM_PeriodElapsedCallback  main.o
    0x08001760   0x08001760   0x00000002   Code   RO         1593    i.HAL_TIM_TriggerCallback  stm32f1xx_hal_tim.o
    0x08001762   0x08001762   0x00000002   Code   RO         2495    i.HAL_UARTEx_RxEventCallback  stm32f1xx_hal_uart.o
    0x08001764   0x08001764   0x00000002   Code   RO         2509    i.HAL_UART_ErrorCallback  stm32f1xx_hal_uart.o
    0x08001766   0x08001766   0x00000002   PAD
    0x08001768   0x08001768   0x0000024c   Code   RO         2512    i.HAL_UART_IRQHandler  stm32f1xx_hal_uart.o
    0x080019b4   0x080019b4   0x00000072   Code   RO         2513    i.HAL_UART_Init     stm32f1xx_hal_uart.o
    0x08001a26   0x08001a26   0x00000002   PAD
    0x08001a28   0x08001a28   0x00000124   Code   RO          284    i.HAL_UART_MspInit  usart.o
    0x08001b4c   0x08001b4c   0x00000018   Code   RO         2891    i.HAL_UART_RxCpltCallback  driver_usart.o
    0x08001b64   0x08001b64   0x00000058   Code   RO         2523    i.HAL_UART_Transmit_IT  stm32f1xx_hal_uart.o
    0x08001bbc   0x08001bbc   0x00000018   Code   RO         2892    i.HAL_UART_TxCpltCallback  driver_usart.o
    0x08001bd4   0x08001bd4   0x00000004   Code   RO          333    i.HardFault_Handler  stm32f1xx_it.o
    0x08001bd8   0x08001bd8   0x00000088   Code   RO         3000    i.KEY_GPIO_ReInit   driver_key.o
    0x08001c60   0x08001c60   0x0000006c   Code   RO         4922    i.MQTTDeserialize_ack  mqttdeserializepublish.o
    0x08001ccc   0x08001ccc   0x00000076   Code   RO         4824    i.MQTTDeserialize_connack  mqttconnectclient.o
    0x08001d42   0x08001d42   0x000000a8   Code   RO         4923    i.MQTTDeserialize_publish  mqttdeserializepublish.o
    0x08001dea   0x08001dea   0x00000092   Code   RO         5171    i.MQTTDeserialize_suback  mqttsubscribeclient.o
    0x08001e7c   0x08001e7c   0x0000002e   Code   RO         5221    i.MQTTDeserialize_unsuback  mqttunsubscribeclient.o
    0x08001eaa   0x08001eaa   0x00000058   Code   RO         5006    i.MQTTPacket_decode  mqttpacket.o
    0x08001f02   0x08001f02   0x00000002   PAD
    0x08001f04   0x08001f04   0x0000001c   Code   RO         5007    i.MQTTPacket_decodeBuf  mqttpacket.o
    0x08001f20   0x08001f20   0x00000036   Code   RO         5009    i.MQTTPacket_encode  mqttpacket.o
    0x08001f56   0x08001f56   0x00000042   Code   RO         5010    i.MQTTPacket_equals  mqttpacket.o
    0x08001f98   0x08001f98   0x00000028   Code   RO         5011    i.MQTTPacket_len    mqttpacket.o
    0x08001fc0   0x08001fc0   0x00000072   Code   RO         5125    i.MQTTSerialize_ack  mqttserializepublish.o
    0x08002032   0x08002032   0x00000002   PAD
    0x08002034   0x08002034   0x00000168   Code   RO         4825    i.MQTTSerialize_connect  mqttconnectclient.o
    0x0800219c   0x0800219c   0x00000076   Code   RO         4826    i.MQTTSerialize_connectLength  mqttconnectclient.o
    0x08002212   0x08002212   0x00000012   Code   RO         4828    i.MQTTSerialize_pingreq  mqttconnectclient.o
    0x08002224   0x08002224   0x000000b0   Code   RO         5128    i.MQTTSerialize_publish  mqttserializepublish.o
    0x080022d4   0x080022d4   0x00000022   Code   RO         5129    i.MQTTSerialize_publishLength  mqttserializepublish.o
    0x080022f6   0x080022f6   0x000000b0   Code   RO         5172    i.MQTTSerialize_subscribe  mqttsubscribeclient.o
    0x080023a6   0x080023a6   0x0000002e   Code   RO         5173    i.MQTTSerialize_subscribeLength  mqttsubscribeclient.o
    0x080023d4   0x080023d4   0x0000004c   Code   RO         4829    i.MQTTSerialize_zero  mqttconnectclient.o
    0x08002420   0x08002420   0x0000019c   Code   RO         6091    i.MQTT_Client_Task  at_command.o
    0x080025bc   0x080025bc   0x00000018   Code   RO         5014    i.MQTTstrlen        mqttpacket.o
    0x080025d4   0x080025d4   0x00000040   Code   RO          230    i.MX_FREERTOS_Init  freertos.o
    0x08002614   0x08002614   0x00000120   Code   RO          202    i.MX_GPIO_Init      gpio.o
    0x08002734   0x08002734   0x00000038   Code   RO          285    i.MX_USART1_UART_Init  usart.o
    0x0800276c   0x0800276c   0x00000038   Code   RO          286    i.MX_USART3_UART_Init  usart.o
    0x080027a4   0x080027a4   0x00000004   Code   RO          334    i.MemManage_Handler  stm32f1xx_it.o
    0x080027a8   0x080027a8   0x00000004   Code   RO          335    i.NMI_Handler       stm32f1xx_it.o
    0x080027ac   0x080027ac   0x00000060   Code   RO         6092    i.ProcessSpecialATString  at_command.o
    0x0800280c   0x0800280c   0x00000028   Code   RO          682    i.RCC_Delay         stm32f1xx_hal_rcc.o
    0x08002834   0x08002834   0x0000000c   Code   RO         6093    i.SetATStatus       at_command.o
    0x08002840   0x08002840   0x00000024   Code   RO          231    i.StartDefaultTask  freertos.o
    0x08002864   0x08002864   0x00000034   Code   RO         4632    i.SysTick_Handler   port.o
    0x08002898   0x08002898   0x00000066   Code   RO           15    i.SystemClock_Config  main.o
    0x080028fe   0x080028fe   0x00000002   Code   RO         2852    i.SystemInit        system_stm32f1xx.o
    0x08002900   0x08002900   0x00000010   Code   RO          336    i.TIM8_UP_IRQHandler  stm32f1xx_it.o
    0x08002910   0x08002910   0x0000009c   Code   RO         1595    i.TIM_Base_SetConfig  stm32f1xx_hal_tim.o
    0x080029ac   0x080029ac   0x00000018   Code   RO         6207    i.UART3_Lock_Init   stm32_uart3.o
    0x080029c4   0x080029c4   0x00000014   Code   RO         2526    i.UART_DMAAbortOnError  stm32f1xx_hal_uart.o
    0x080029d8   0x080029d8   0x00000036   Code   RO         2536    i.UART_EndRxTransfer  stm32f1xx_hal_uart.o
    0x08002a0e   0x08002a0e   0x00000020   Code   RO         2537    i.UART_EndTransmit_IT  stm32f1xx_hal_uart.o
    0x08002a2e   0x08002a2e   0x000000e4   Code   RO         2539    i.UART_Receive_IT   stm32f1xx_hal_uart.o
    0x08002b12   0x08002b12   0x00000002   PAD
    0x08002b14   0x08002b14   0x000000fc   Code   RO         2540    i.UART_SetConfig    stm32f1xx_hal_uart.o
    0x08002c10   0x08002c10   0x00000060   Code   RO         2543    i.UART_Transmit_IT  stm32f1xx_hal_uart.o
    0x08002c70   0x08002c70   0x00000034   Code   RO         2893    i.USART1_IRQHandler  driver_usart.o
    0x08002ca4   0x08002ca4   0x00000044   Code   RO         6208    i.USART3_IRQHandler  stm32_uart3.o
    0x08002ce8   0x08002ce8   0x00000028   Code   RO         6209    i.USART3_Read       stm32_uart3.o
    0x08002d10   0x08002d10   0x0000002c   Code   RO         6210    i.USART3_Write      stm32_uart3.o
    0x08002d3c   0x08002d3c   0x00000004   Code   RO          337    i.UsageFault_Handler  stm32f1xx_it.o
    0x08002d40   0x08002d40   0x00000020   Code   RO         6485    i.__0printf$8       mc_w.l(printf8.o)
    0x08002d60   0x08002d60   0x00000028   Code   RO         6487    i.__0sprintf$8      mc_w.l(printf8.o)
    0x08002d88   0x08002d88   0x00000010   Code   RO          987    i.__NVIC_GetPriorityGrouping  stm32f1xx_hal_cortex.o
    0x08002d98   0x08002d98   0x00000028   Code   RO          988    i.__NVIC_SetPriority  stm32f1xx_hal_cortex.o
    0x08002dc0   0x08002dc0   0x00000006   Code   RO         4146    i.__get_BASEPRI     cmsis_os2.o
    0x08002dc6   0x08002dc6   0x00000006   Code   RO         4147    i.__get_IPSR        cmsis_os2.o
    0x08002dcc   0x08002dcc   0x00000006   Code   RO         4148    i.__get_PRIMASK     cmsis_os2.o
    0x08002dd2   0x08002dd2   0x0000000e   Code   RO         6579    i.__scatterload_copy  mc_w.l(handlers.o)
    0x08002de0   0x08002de0   0x00000002   Code   RO         6580    i.__scatterload_null  mc_w.l(handlers.o)
    0x08002de2   0x08002de2   0x0000000e   Code   RO         6581    i.__scatterload_zeroinit  mc_w.l(handlers.o)
    0x08002df0   0x08002df0   0x0000000a   Code   RO         4708    i._mqtt_list_add    mqtt_list.o
    0x08002dfa   0x08002dfa   0x00000006   Code   RO         4709    i._mqtt_list_del    mqtt_list.o
    0x08002e00   0x08002e00   0x0000000e   Code   RO         4710    i._mqtt_list_del_entry  mqtt_list.o
    0x08002e0e   0x08002e0e   0x00000002   PAD
    0x08002e10   0x08002e10   0x00000410   Code   RO         6492    i._printf_core      mc_w.l(printf8.o)
    0x08003220   0x08003220   0x00000024   Code   RO         6493    i._printf_post_padding  mc_w.l(printf8.o)
    0x08003244   0x08003244   0x0000002e   Code   RO         6494    i._printf_pre_padding  mc_w.l(printf8.o)
    0x08003272   0x08003272   0x0000000a   Code   RO         6496    i._sputc            mc_w.l(printf8.o)
    0x0800327c   0x0800327c   0x00000028   Code   RO         5015    i.bufchar           mqttpacket.o
    0x080032a4   0x080032a4   0x00000088   Code   RO         5271    i.default_msg_handler  mqttclient.o
    0x0800332c   0x0800332c   0x00000010   Code   RO         4780    i.do_random         random.o
    0x0800333c   0x0800333c   0x0000002c   Code   RO         2895    i.fputc             driver_usart.o
    0x08003368   0x08003368   0x0000004c   Code   RO           16    i.main              main.o
    0x080033b4   0x080033b4   0x00000054   Code   RO         5272    i.mqtt_ack_handler_create  mqttclient.o
    0x08003408   0x08003408   0x00000014   Code   RO         5273    i.mqtt_ack_handler_destroy  mqttclient.o
    0x0800341c   0x0800341c   0x00000014   Code   RO         5274    i.mqtt_ack_handler_is_maximum  mqttclient.o
    0x08003430   0x08003430   0x000000c0   Code   RO         5275    i.mqtt_ack_handler_resend  mqttclient.o
    0x080034f0   0x080034f0   0x00000042   Code   RO         5276    i.mqtt_ack_list_node_is_exist  mqttclient.o
    0x08003532   0x08003532   0x00000058   Code   RO         5277    i.mqtt_ack_list_record  mqttclient.o
    0x0800358a   0x0800358a   0x00000094   Code   RO         5278    i.mqtt_ack_list_scan  mqttclient.o
    0x0800361e   0x0800361e   0x0000005a   Code   RO         5279    i.mqtt_ack_list_unrecord  mqttclient.o
    0x08003678   0x08003678   0x00000024   Code   RO         5280    i.mqtt_add_ack_handler_num  mqttclient.o
    0x0800369c   0x0800369c   0x0000008a   Code   RO         5281    i.mqtt_clean_session  mqttclient.o
    0x08003726   0x08003726   0x0000000c   Code   RO         5282    i.mqtt_connect      mqttclient.o
    0x08003732   0x08003732   0x00000002   PAD
    0x08003734   0x08003734   0x00000264   Code   RO         5283    i.mqtt_connect_with_results  mqttclient.o
    0x08003998   0x08003998   0x00000068   Code   RO         5284    i.mqtt_decode_packet  mqttclient.o
    0x08003a00   0x08003a00   0x00000070   Code   RO         5285    i.mqtt_deliver_message  mqttclient.o
    0x08003a70   0x08003a70   0x00000008   Code   RO         5287    i.mqtt_get_client_state  mqttclient.o
    0x08003a78   0x08003a78   0x00000042   Code   RO         5288    i.mqtt_get_msg_handler  mqttclient.o
    0x08003aba   0x08003aba   0x0000002c   Code   RO         5289    i.mqtt_get_next_packet_id  mqttclient.o
    0x08003ae6   0x08003ae6   0x00000002   PAD
    0x08003ae8   0x08003ae8   0x00000128   Code   RO         5290    i.mqtt_init         mqttclient.o
    0x08003c10   0x08003c10   0x00000024   Code   RO         5291    i.mqtt_is_connected  mqttclient.o
    0x08003c34   0x08003c34   0x00000032   Code   RO         5292    i.mqtt_is_topic_equals  mqttclient.o
    0x08003c66   0x08003c66   0x00000002   PAD
    0x08003c68   0x08003c68   0x000000e0   Code   RO         5293    i.mqtt_keep_alive   mqttclient.o
    0x08003d48   0x08003d48   0x0000002a   Code   RO         5294    i.mqtt_lease        mqttclient.o
    0x08003d72   0x08003d72   0x00000012   Code   RO         4712    i.mqtt_list_add_tail  mqtt_list.o
    0x08003d84   0x08003d84   0x0000000e   Code   RO         4713    i.mqtt_list_del     mqtt_list.o
    0x08003d92   0x08003d92   0x00000012   Code   RO         4714    i.mqtt_list_del_init  mqtt_list.o
    0x08003da4   0x08003da4   0x00000006   Code   RO         4715    i.mqtt_list_init    mqtt_list.o
    0x08003daa   0x08003daa   0x00000010   Code   RO         4716    i.mqtt_list_is_empty  mqtt_list.o
    0x08003dba   0x08003dba   0x0000002c   Code   RO         5296    i.mqtt_msg_handler_create  mqttclient.o
    0x08003de6   0x08003de6   0x00000014   Code   RO         5297    i.mqtt_msg_handler_destory  mqttclient.o
    0x08003dfa   0x08003dfa   0x00000002   PAD
    0x08003dfc   0x08003dfc   0x00000098   Code   RO         5298    i.mqtt_msg_handler_is_exist  mqttclient.o
    0x08003e94   0x08003e94   0x00000032   Code   RO         5299    i.mqtt_msg_handlers_install  mqttclient.o
    0x08003ec6   0x08003ec6   0x0000002c   Code   RO         5300    i.mqtt_new_message_data  mqttclient.o
    0x08003ef2   0x08003ef2   0x00000058   Code   RO         5301    i.mqtt_packet_drain  mqttclient.o
    0x08003f4a   0x08003f4a   0x00000002   PAD
    0x08003f4c   0x08003f4c   0x000000b0   Code   RO         5302    i.mqtt_packet_handle  mqttclient.o
    0x08003ffc   0x08003ffc   0x00000048   Code   RO         5303    i.mqtt_puback_and_pubcomp_packet_handle  mqttclient.o
    0x08004044   0x08004044   0x000001e4   Code   RO         5304    i.mqtt_publish      mqttclient.o
    0x08004228   0x08004228   0x0000008c   Code   RO         5305    i.mqtt_publish_ack_packet  mqttclient.o
    0x080042b4   0x080042b4   0x000000fa   Code   RO         5306    i.mqtt_publish_packet_handle  mqttclient.o
    0x080043ae   0x080043ae   0x0000005a   Code   RO         5307    i.mqtt_pubrec_and_pubrel_packet_handle  mqttclient.o
    0x08004408   0x08004408   0x000000e4   Code   RO         5308    i.mqtt_read_buf_malloc  mqttclient.o
    0x080044ec   0x080044ec   0x000000ca   Code   RO         5309    i.mqtt_read_packet  mqttclient.o
    0x080045b6   0x080045b6   0x0000006e   Code   RO         5311    i.mqtt_send_packet  mqttclient.o
    0x08004624   0x08004624   0x00000084   Code   RO         5313    i.mqtt_set_clean_session  mqttclient.o
    0x080046a8   0x080046a8   0x00000078   Code   RO         5314    i.mqtt_set_client_id  mqttclient.o
    0x08004720   0x08004720   0x0000001c   Code   RO         5315    i.mqtt_set_client_state  mqttclient.o
    0x0800473c   0x0800473c   0x00000078   Code   RO         5317    i.mqtt_set_host     mqttclient.o
    0x080047b4   0x080047b4   0x00000078   Code   RO         5320    i.mqtt_set_password  mqttclient.o
    0x0800482c   0x0800482c   0x00000078   Code   RO         5321    i.mqtt_set_port     mqttclient.o
    0x080048a4   0x080048a4   0x0000004c   Code   RO         5322    i.mqtt_set_publish_dup  mqttclient.o
    0x080048f0   0x080048f0   0x00000078   Code   RO         5327    i.mqtt_set_user_name  mqttclient.o
    0x08004968   0x08004968   0x00000012   Code   RO         5332    i.mqtt_sleep_ms     mqttclient.o
    0x0800497a   0x0800497a   0x00000002   PAD
    0x0800497c   0x0800497c   0x000000b4   Code   RO         5333    i.mqtt_suback_packet_handle  mqttclient.o
    0x08004a30   0x08004a30   0x000000b8   Code   RO         5334    i.mqtt_subscribe    mqttclient.o
    0x08004ae8   0x08004ae8   0x00000034   Code   RO         5335    i.mqtt_subtract_ack_handler_num  mqttclient.o
    0x08004b1c   0x08004b1c   0x00000076   Code   RO         5336    i.mqtt_topic_is_matched  mqttclient.o
    0x08004b92   0x08004b92   0x00000002   PAD
    0x08004b94   0x08004b94   0x000000ac   Code   RO         5337    i.mqtt_try_do_reconnect  mqttclient.o
    0x08004c40   0x08004c40   0x0000002c   Code   RO         5338    i.mqtt_try_reconnect  mqttclient.o
    0x08004c6c   0x08004c6c   0x000000f4   Code   RO         5339    i.mqtt_try_resubscribe  mqttclient.o
    0x08004d60   0x08004d60   0x00000054   Code   RO         5340    i.mqtt_unsuback_packet_handle  mqttclient.o
    0x08004db4   0x08004db4   0x00000034   Code   RO         5342    i.mqtt_wait_packet  mqttclient.o
    0x08004de8   0x08004de8   0x000000e8   Code   RO         5343    i.mqtt_write_buf_malloc  mqttclient.o
    0x08004ed0   0x08004ed0   0x000000e0   Code   RO         5344    i.mqtt_yield        mqttclient.o
    0x08004fb0   0x08004fb0   0x00000150   Code   RO         5345    i.mqtt_yield_thread  mqttclient.o
    0x08005100   0x08005100   0x0000001e   Code   RO         5807    i.nettype_tcp_connect  nettype_tcp.o
    0x0800511e   0x0800511e   0x00000014   Code   RO         5808    i.nettype_tcp_disconnect  nettype_tcp.o
    0x08005132   0x08005132   0x0000001c   Code   RO         5809    i.nettype_tcp_read  nettype_tcp.o
    0x0800514e   0x0800514e   0x0000001c   Code   RO         5810    i.nettype_tcp_write  nettype_tcp.o
    0x0800516a   0x0800516a   0x0000000c   Code   RO         5731    i.network_connect   network.o
    0x08005176   0x08005176   0x0000000c   Code   RO         5732    i.network_disconnect  network.o
    0x08005182   0x08005182   0x0000001a   Code   RO         5733    i.network_init      network.o
    0x0800519c   0x0800519c   0x0000001c   Code   RO         5734    i.network_read      network.o
    0x080051b8   0x080051b8   0x0000001a   Code   RO         5735    i.network_release   network.o
    0x080051d2   0x080051d2   0x0000001c   Code   RO         5739    i.network_write     network.o
    0x080051ee   0x080051ee   0x00000002   PAD
    0x080051f0   0x080051f0   0x00000038   Code   RO         4149    i.osDelay           cmsis_os2.o
    0x08005228   0x08005228   0x00000040   Code   RO         4163    i.osKernelInitialize  cmsis_os2.o
    0x08005268   0x08005268   0x00000044   Code   RO         4166    i.osKernelStart     cmsis_os2.o
    0x080052ac   0x080052ac   0x000000dc   Code   RO         4200    i.osThreadNew       cmsis_os2.o
    0x08005388   0x08005388   0x0000001a   Code   RO         5841    i.platform_memory_alloc  platform_memory.o
    0x080053a2   0x080053a2   0x0000000c   Code   RO         5843    i.platform_memory_free  platform_memory.o
    0x080053ae   0x080053ae   0x00000010   Code   RO         5870    i.platform_mutex_init  platform_mutex.o
    0x080053be   0x080053be   0x00000010   Code   RO         5871    i.platform_mutex_lock  platform_mutex.o
    0x080053ce   0x080053ce   0x00000012   Code   RO         5873    i.platform_mutex_unlock  platform_mutex.o
    0x080053e0   0x080053e0   0x00000020   Code   RO         5905    i.platform_net_socket_close  platform_net_socket.o
    0x08005400   0x08005400   0x0000014c   Code   RO         5906    i.platform_net_socket_connect  platform_net_socket.o
    0x0800554c   0x0800554c   0x0000002c   Code   RO         5907    i.platform_net_socket_recv_timeout  platform_net_socket.o
    0x08005578   0x08005578   0x000000b8   Code   RO         5908    i.platform_net_socket_write_timeout  platform_net_socket.o
    0x08005630   0x08005630   0x00000012   Code   RO         6030    i.platform_semphore_give  platform_semaphore.o
    0x08005642   0x08005642   0x00000002   PAD
    0x08005644   0x08005644   0x00000030   Code   RO         6031    i.platform_semphore_give_from_isr  platform_semaphore.o
    0x08005674   0x08005674   0x00000014   Code   RO         6032    i.platform_semphore_init  platform_semaphore.o
    0x08005688   0x08005688   0x00000010   Code   RO         6034    i.platform_semphore_take_timeout  platform_semaphore.o
    0x08005698   0x08005698   0x00000014   Code   RO         5942    i.platform_thread_destroy  platform_thread.o
    0x080056ac   0x080056ac   0x00000040   Code   RO         5943    i.platform_thread_init  platform_thread.o
    0x080056ec   0x080056ec   0x0000000c   Code   RO         5944    i.platform_thread_start  platform_thread.o
    0x080056f8   0x080056f8   0x00000002   Code   RO         5945    i.platform_thread_startup  platform_thread.o
    0x080056fa   0x080056fa   0x0000000c   Code   RO         5946    i.platform_thread_stop  platform_thread.o
    0x08005706   0x08005706   0x00000014   Code   RO         5982    i.platform_timer_cutdown  platform_timer.o
    0x0800571a   0x0800571a   0x00000006   Code   RO         5983    i.platform_timer_init  platform_timer.o
    0x08005720   0x08005720   0x00000016   Code   RO         5984    i.platform_timer_is_expired  platform_timer.o
    0x08005736   0x08005736   0x00000008   Code   RO         5985    i.platform_timer_now  platform_timer.o
    0x0800573e   0x0800573e   0x0000001a   Code   RO         5986    i.platform_timer_remain  platform_timer.o
    0x08005758   0x08005758   0x00000014   Code   RO         5987    i.platform_timer_usleep  platform_timer.o
    0x0800576c   0x0800576c   0x00000008   Code   RO         5988    i.platform_uptime_ms  platform_timer.o
    0x08005774   0x08005774   0x0000007c   Code   RO         3621    i.prvAddCurrentTaskToDelayedList  tasks.o
    0x080057f0   0x080057f0   0x000000b8   Code   RO         3622    i.prvAddNewTaskToReadyList  tasks.o
    0x080058a8   0x080058a8   0x00000074   Code   RO         3982    i.prvCheckForValidListAndQueue  timers.o
    0x0800591c   0x0800591c   0x00000048   Code   RO         3623    i.prvCheckTasksWaitingTermination  tasks.o
    0x08005964   0x08005964   0x0000002a   Code   RO         3214    i.prvCopyDataFromQueue  queue.o
    0x0800598e   0x0800598e   0x0000007c   Code   RO         3215    i.prvCopyDataToQueue  queue.o
    0x08005a0a   0x08005a0a   0x00000050   Code   RO         3624    i.prvDeleteTCB      tasks.o
    0x08005a5a   0x08005a5a   0x00000014   Code   RO         3216    i.prvGetDisinheritPriorityAfterTimeout  queue.o
    0x08005a6e   0x08005a6e   0x00000002   PAD
    0x08005a70   0x08005a70   0x00000028   Code   RO         3983    i.prvGetNextExpireTime  timers.o
    0x08005a98   0x08005a98   0x0000007c   Code   RO         4582    i.prvHeapInit       heap_4.o
    0x08005b14   0x08005b14   0x00000028   Code   RO         3625    i.prvIdleTask       tasks.o
    0x08005b3c   0x08005b3c   0x0000001c   Code   RO         3217    i.prvInitialiseMutex  queue.o
    0x08005b58   0x08005b58   0x0000002a   Code   RO         3218    i.prvInitialiseNewQueue  queue.o
    0x08005b82   0x08005b82   0x000000b4   Code   RO         3626    i.prvInitialiseNewTask  tasks.o
    0x08005c36   0x08005c36   0x00000002   PAD
    0x08005c38   0x08005c38   0x00000068   Code   RO         3627    i.prvInitialiseTaskLists  tasks.o
    0x08005ca0   0x08005ca0   0x00000068   Code   RO         4583    i.prvInsertBlockIntoFreeList  heap_4.o
    0x08005d08   0x08005d08   0x00000058   Code   RO         3985    i.prvInsertTimerInActiveList  timers.o
    0x08005d60   0x08005d60   0x0000001a   Code   RO         3219    i.prvIsQueueEmpty   queue.o
    0x08005d7a   0x08005d7a   0x0000001e   Code   RO         3220    i.prvIsQueueFull    queue.o
    0x08005d98   0x08005d98   0x00000064   Code   RO         3986    i.prvProcessExpiredTimer  timers.o
    0x08005dfc   0x08005dfc   0x00000128   Code   RO         3987    i.prvProcessReceivedCommands  timers.o
    0x08005f24   0x08005f24   0x00000074   Code   RO         3988    i.prvProcessTimerOrBlockTask  timers.o
    0x08005f98   0x08005f98   0x00000034   Code   RO         3629    i.prvResetNextTaskUnblockTime  tasks.o
    0x08005fcc   0x08005fcc   0x0000002c   Code   RO         3989    i.prvSampleTimeNow  timers.o
    0x08005ff8   0x08005ff8   0x000000a0   Code   RO         3990    i.prvSwitchTimerLists  timers.o
    0x08006098   0x08006098   0x00000040   Code   RO         4633    i.prvTaskExitError  port.o
    0x080060d8   0x080060d8   0x00000058   Code   RO         3631    i.prvTaskIsTaskSuspended  tasks.o
    0x08006130   0x08006130   0x0000001a   Code   RO         3991    i.prvTimerTask      timers.o
    0x0800614a   0x0800614a   0x0000007e   Code   RO         3221    i.prvUnlockQueue    queue.o
    0x080061c8   0x080061c8   0x0000013c   Code   RO         4584    i.pvPortMalloc      heap_4.o
    0x08006304   0x08006304   0x00000020   Code   RO         3632    i.pvTaskIncrementMutexHeldCount  tasks.o
    0x08006324   0x08006324   0x00000024   Code   RO         4634    i.pxPortInitialiseStack  port.o
    0x08006348   0x08006348   0x00000038   Code   RO         4781    i.random_number     random.o
    0x08006380   0x08006380   0x000000d0   Code   RO         4783    i.random_string     random.o
    0x08006450   0x08006450   0x0000000e   Code   RO         5017    i.readChar          mqttpacket.o
    0x0800645e   0x0800645e   0x0000001a   Code   RO         5018    i.readInt           mqttpacket.o
    0x08006478   0x08006478   0x0000003a   Code   RO         5019    i.readMQTTLenString  mqttpacket.o
    0x080064b2   0x080064b2   0x0000000c   Code   RO         2960    i.ring_buffer_init  ring_buffer.o
    0x080064be   0x080064be   0x0000002e   Code   RO         2961    i.ring_buffer_read  ring_buffer.o
    0x080064ec   0x080064ec   0x0000001e   Code   RO         2962    i.ring_buffer_write  ring_buffer.o
    0x0800650a   0x0800650a   0x00000002   PAD
    0x0800650c   0x0800650c   0x00000090   Code   RO         6095    i.topicl_handler    at_command.o
    0x0800659c   0x0800659c   0x00000028   Code   RO         3174    i.uxListRemove      list.o
    0x080065c4   0x080065c4   0x00000018   Code   RO         4212    i.vApplicationGetIdleTaskMemory  cmsis_os2.o
    0x080065dc   0x080065dc   0x00000018   Code   RO         4213    i.vApplicationGetTimerTaskMemory  cmsis_os2.o
    0x080065f4   0x080065f4   0x0000001a   Code   RO         3175    i.vListInitialise   list.o
    0x0800660e   0x0800660e   0x00000006   Code   RO         3176    i.vListInitialiseItem  list.o
    0x08006614   0x08006614   0x00000034   Code   RO         3177    i.vListInsert       list.o
    0x08006648   0x08006648   0x00000018   Code   RO         3178    i.vListInsertEnd    list.o
    0x08006660   0x08006660   0x00000054   Code   RO         4636    i.vPortEnterCritical  port.o
    0x080066b4   0x080066b4   0x0000003c   Code   RO         4637    i.vPortExitCritical  port.o
    0x080066f0   0x080066f0   0x00000094   Code   RO         4585    i.vPortFree         heap_4.o
    0x08006784   0x08006784   0x00000028   Code   RO         4638    i.vPortSetupTimerInterrupt  port.o
    0x080067ac   0x080067ac   0x00000078   Code   RO         4639    i.vPortValidateInterruptPriority  port.o
    0x08006824   0x08006824   0x0000002c   Code   RO         3227    i.vQueueAddToRegistry  queue.o
    0x08006850   0x08006850   0x0000004a   Code   RO         3231    i.vQueueWaitForMessageRestricted  queue.o
    0x0800689a   0x0800689a   0x00000002   PAD
    0x0800689c   0x0800689c   0x0000005c   Code   RO         3641    i.vTaskDelay        tasks.o
    0x080068f8   0x080068f8   0x000000c8   Code   RO         3643    i.vTaskDelete       tasks.o
    0x080069c0   0x080069c0   0x00000018   Code   RO         3646    i.vTaskInternalSetTimeOutState  tasks.o
    0x080069d8   0x080069d8   0x0000000c   Code   RO         3647    i.vTaskMissedYield  tasks.o
    0x080069e4   0x080069e4   0x00000038   Code   RO         3649    i.vTaskPlaceOnEventList  tasks.o
    0x08006a1c   0x08006a1c   0x00000040   Code   RO         3650    i.vTaskPlaceOnEventListRestricted  tasks.o
    0x08006a5c   0x08006a5c   0x000000d0   Code   RO         3652    i.vTaskPriorityDisinheritAfterTimeout  tasks.o
    0x08006b2c   0x08006b2c   0x00000090   Code   RO         3655    i.vTaskResume       tasks.o
    0x08006bbc   0x08006bbc   0x000000b8   Code   RO         3658    i.vTaskStartScheduler  tasks.o
    0x08006c74   0x08006c74   0x000000c8   Code   RO         3659    i.vTaskSuspend      tasks.o
    0x08006d3c   0x08006d3c   0x00000010   Code   RO         3660    i.vTaskSuspendAll   tasks.o
    0x08006d4c   0x08006d4c   0x00000090   Code   RO         3661    i.vTaskSwitchContext  tasks.o
    0x08006ddc   0x08006ddc   0x00000028   Code   RO         5020    i.writeCString      mqttpacket.o
    0x08006e04   0x08006e04   0x0000000c   Code   RO         5021    i.writeChar         mqttpacket.o
    0x08006e10   0x08006e10   0x00000030   Code   RO         5022    i.writeInt          mqttpacket.o
    0x08006e40   0x08006e40   0x0000003e   Code   RO         5023    i.writeMQTTString   mqttpacket.o
    0x08006e7e   0x08006e7e   0x00000002   PAD
    0x08006e80   0x08006e80   0x000000f8   Code   RO         4640    i.xPortStartScheduler  port.o
    0x08006f78   0x08006f78   0x00000022   Code   RO         3234    i.xQueueCreateMutex  queue.o
    0x08006f9a   0x08006f9a   0x0000005e   Code   RO         3236    i.xQueueGenericCreate  queue.o
    0x08006ff8   0x08006ff8   0x000000de   Code   RO         3237    i.xQueueGenericCreateStatic  queue.o
    0x080070d6   0x080070d6   0x00000002   PAD
    0x080070d8   0x080070d8   0x00000098   Code   RO         3238    i.xQueueGenericReset  queue.o
    0x08007170   0x08007170   0x000001a8   Code   RO         3239    i.xQueueGenericSend  queue.o
    0x08007318   0x08007318   0x000000f8   Code   RO         3240    i.xQueueGenericSendFromISR  queue.o
    0x08007410   0x08007410   0x000000e0   Code   RO         3243    i.xQueueGiveFromISR  queue.o
    0x080074f0   0x080074f0   0x00000168   Code   RO         3249    i.xQueueReceive     queue.o
    0x08007658   0x08007658   0x000001b8   Code   RO         3251    i.xQueueSemaphoreTake  queue.o
    0x08007810   0x08007810   0x0000008c   Code   RO         3662    i.xTaskCheckForTimeOut  tasks.o
    0x0800789c   0x0800789c   0x00000064   Code   RO         3663    i.xTaskCreate       tasks.o
    0x08007900   0x08007900   0x000000b8   Code   RO         3664    i.xTaskCreateStatic  tasks.o
    0x080079b8   0x080079b8   0x00000020   Code   RO         3668    i.xTaskGetSchedulerState  tasks.o
    0x080079d8   0x080079d8   0x0000000c   Code   RO         3669    i.xTaskGetTickCount  tasks.o
    0x080079e4   0x080079e4   0x00000144   Code   RO         3671    i.xTaskIncrementTick  tasks.o
    0x08007b28   0x08007b28   0x000000a4   Code   RO         3674    i.xTaskPriorityDisinherit  tasks.o
    0x08007bcc   0x08007bcc   0x000000a4   Code   RO         3675    i.xTaskPriorityInherit  tasks.o
    0x08007c70   0x08007c70   0x00000098   Code   RO         3676    i.xTaskRemoveFromEventList  tasks.o
    0x08007d08   0x08007d08   0x00000104   Code   RO         3677    i.xTaskResumeAll    tasks.o
    0x08007e0c   0x08007e0c   0x00000078   Code   RO         3998    i.xTimerCreateTimerTask  timers.o
    0x08007e84   0x08007e84   0x00000084   Code   RO         3999    i.xTimerGenericCommand  timers.o
    0x08007f08   0x08007f08   0x00000024   Data   RO          232    .constdata          freertos.o
    0x08007f2c   0x08007f2c   0x00000018   Data   RO         2853    .constdata          system_stm32f1xx.o
    0x08007f44   0x08007f44   0x000002cc   Data   RO         5346    .constdata          mqttclient.o
    0x08008210   0x08008210   0x0000000f   Data   RO         6097    .constdata          at_command.o
    0x0800821f   0x0800821f   0x00000001   PAD
    0x08008220   0x08008220   0x0000000c   Data   RO          233    .conststring        freertos.o
    0x0800822c   0x0800822c   0x000000aa   Data   RO         5347    .conststring        mqttclient.o
    0x080082d6   0x080082d6   0x00000002   PAD
    0x080082d8   0x080082d8   0x00000054   Data   RO         6098    .conststring        at_command.o
    0x0800832c   0x0800832c   0x00000020   Data   RO         6577    Region$$Table       anon$$obj.o


    Execution Region RW_IRAM1 (Exec base: 0x20000000, Load base: 0x0800834c, Size: 0x00003ed8, Max: 0x00010000, ABSOLUTE)

    Exec Addr    Load Addr    Size         Type   Attr      Idx    E Section Name        Object

    0x20000000   0x0800834c   0x00000004   Data   RW          234    .data               freertos.o
    0x20000004   0x08008350   0x00000009   Data   RW          519    .data               stm32f1xx_hal.o
    0x2000000d   0x08008359   0x00000003   PAD
    0x20000010   0x0800835c   0x00000004   Data   RW         2854    .data               system_stm32f1xx.o
    0x20000014   0x08008360   0x00000003   Data   RW         2896    .data               driver_usart.o
    0x20000017   0x08008363   0x00000002   Data   RW         3001    .data               driver_key.o
    0x20000019   0x08008365   0x00000003   PAD
    0x2000001c   0x08008368   0x0000003c   Data   RW         3680    .data               tasks.o
    0x20000058   0x080083a4   0x00000014   Data   RW         4007    .data               timers.o
    0x2000006c   0x080083b8   0x00000004   Data   RW         4215    .data               cmsis_os2.o
    0x20000070   0x080083bc   0x00000018   Data   RW         4590    .data               heap_4.o
    0x20000088   0x080083d4   0x0000000c   Data   RW         4641    .data               port.o
    0x20000094   0x080083e0   0x00000004   Data   RW         4784    .data               random.o
    0x20000098   0x080083e4   0x00000004   Data   RW         5024    .data               mqttpacket.o
    0x2000009c   0x080083e8   0x00000004   Data   RW         6036    .data               platform_semaphore.o
    0x200000a0   0x080083ec   0x0000000c   Data   RW         6099    .data               at_command.o
    0x200000ac   0x080083f8   0x00000004   Data   RW         6212    .data               stm32_uart3.o
    0x200000b0   0x080083fc   0x00000004   Data   RW         6260    .data               mc_w.l(rand.o)
    0x200000b4   0x08008400   0x00000004   Data   RW         6553    .data               mc_w.l(stdout.o)
    0x200000b8        -       0x00000408   Zero   RW           17    .bss                main.o
    0x200004c0        -       0x00000088   Zero   RW          287    .bss                usart.o
    0x20000548        -       0x00000048   Zero   RW          422    .bss                stm32f1xx_hal_timebase_tim.o
    0x20000590        -       0x00000040   Zero   RW         3253    .bss                queue.o
    0x200005d0        -       0x000004c4   Zero   RW         3679    .bss                tasks.o
    0x20000a94        -       0x00000118   Zero   RW         4006    .bss                timers.o
    0x20000bac        -       0x000006b8   Zero   RW         4214    .bss                cmsis_os2.o
    0x20001264        -       0x00002000   Zero   RW         4589    .bss                heap_4.o
    0x20003264        -       0x0000046c   Zero   RW         6096    .bss                at_command.o
    0x200036d0        -       0x00000408   Zero   RW         6211    .bss                stm32_uart3.o
    0x20003ad8        -       0x00000400   Zero   RW            1    STACK               startup_stm32f103xe.o


==============================================================================

Image component sizes


      Code (inc. data)   RO Data    RW Data    ZI Data      Debug   Object Name

      1136        356         99         12       1132      12477   at_command.o
        32          0          0          0          0       1104   at_uart_hal.o
       474         38          0          4       1720      17670   cmsis_os2.o
       216         26          0          2          0       2214   driver_key.o
       224         48          0          3          0       4874   driver_usart.o
         0          0          0          0          0      20028   event_groups.o
       100         42         48          4          0       7313   freertos.o
       288         16          0          0          0       1115   gpio.o
       692         62          0         24       8192       4659   heap_4.o
       148          0          0          0          0       3422   list.o
       208         24          0          0       1032     497090   main.o
       102          0          0          0          0       5704   mqtt_list.o
      7550       2066        886          0          0      56308   mqttclient.o
       690         18          0          0          0       6965   mqttconnectclient.o
       276          0          0          0          0       2632   mqttdeserializepublish.o
       600         18          0          4          0       9272   mqttpacket.o
       324          0          0          0          0       2614   mqttserializepublish.o
       368          0          0          0          0       3263   mqttsubscribeclient.o
        46          0          0          0          0        763   mqttunsubscribeclient.o
       106          0          0          0          0       2986   nettype_tcp.o
       132          0          0          0          0       4155   network.o
        38          0          0          0          0       1167   platform_memory.o
        50          0          0          0          0       2172   platform_mutex.o
       592        268          0          0          0       3261   platform_net_socket.o
       102         10          0          4          0       3405   platform_semaphore.o
       110          0          0          0          0       3654   platform_thread.o
       110          0          0          0          0       4568   platform_timer.o
       854         78          0         12          0      10785   port.o
      2754         26          0          0         64      22268   queue.o
       280         12          0          4          0       2448   random.o
        88          0          0          0          0       2070   ring_buffer.o
        36          8        304          0       1024        784   startup_stm32f103xe.o
       176         36          0          4       1032       2475   stm32_uart3.o
        76         20          0          9          0       5254   stm32f1xx_hal.o
       252         22          0          0          0      28550   stm32f1xx_hal_cortex.o
       510         10          0          0          0       1955   stm32f1xx_hal_dma.o
       888         44          0          0          0       3962   stm32f1xx_hal_gpio.o
        96         10          0          0          0        982   stm32f1xx_hal_msp.o
      1852        120          0          0          0       6577   stm32f1xx_hal_rcc.o
       818         44          0          0          0       6070   stm32f1xx_hal_tim.o
         4          0          0          0          0       1577   stm32f1xx_hal_tim_ex.o
       136         18          0          0         72       1523   stm32f1xx_hal_timebase_tim.o
      1476         10          0          0          0       8011   stm32f1xx_hal_uart.o
        38          6          0          0          0       2942   stm32f1xx_it.o
         0          0          0          0          0       8872   stream_buffer.o
         2          0         24          4          0       1183   system_stm32f1xx.o
      3832        462          0         60       1220      28886   tasks.o
      1238        124          0         20        280      26395   timers.o
       404         46          0          0        136       2379   usart.o

    ----------------------------------------------------------------------
     30574       4088       1396        176      15904     860803   Object Totals
         0          0         32          0          0          0   (incl. Generated)
        50          0          3          6          0          0   (incl. Padding)

    ----------------------------------------------------------------------

      Code (inc. data)   RO Data    RW Data    ZI Data      Debug   Library Member Name

         0          0          0          0          0          0   entry.o
         0          0          0          0          0          0   entry10a.o
         0          0          0          0          0          0   entry11a.o
         8          4          0          0          0          0   entry2.o
         4          0          0          0          0          0   entry5.o
         0          0          0          0          0          0   entry7b.o
         0          0          0          0          0          0   entry8b.o
         8          4          0          0          0          0   entry9a.o
        30          0          0          0          0          0   handlers.o
        36          8          0          0          0         68   init.o
        30          0          0          0          0         68   llshl.o
        32          0          0          0          0         68   llushr.o
        36          0          0          0          0         68   memcpya.o
        36          0          0          0          0        108   memseta.o
      1204         60          0          0          0        504   printf8.o
        36         10          0          4          0        136   rand.o
         0          0          0          4          0          0   stdout.o
        14          0          0          0          0         68   strlen.o
        30          0          0          0          0         80   strncmp.o
        36          0          0          0          0         80   strstr.o
        98          0          0          0          0         92   uldiv.o

    ----------------------------------------------------------------------
      1642         86          0          8          0       1340   Library Totals
         4          0          0          0          0          0   (incl. Padding)

    ----------------------------------------------------------------------

      Code (inc. data)   RO Data    RW Data    ZI Data      Debug   Library Name

      1638         86          0          8          0       1340   mc_w.l

    ----------------------------------------------------------------------
      1642         86          0          8          0       1340   Library Totals

    ----------------------------------------------------------------------

==============================================================================


      Code (inc. data)   RO Data    RW Data    ZI Data      Debug   

     32216       4174       1396        184      15904     845499   Grand Totals
     32216       4174       1396        184      15904     845499   ELF Image Totals
     32216       4174       1396        184          0          0   ROM Totals

==============================================================================

    Total RO  Size (Code + RO Data)                33612 (  32.82kB)
    Total RW  Size (RW Data + ZI Data)             16088 (  15.71kB)
    Total ROM Size (Code + RO Data + RW Data)      33796 (  33.00kB)

==============================================================================

